Component: ARM Compiler 5.06 update 6 (build 750) Tool: armlink [4d35ed]

==============================================================================

Section Cross References

    main.o(i.Kalman_Filter) refers to f2d.o(.text) for __aeabi_f2d
    main.o(i.Kalman_Filter) refers to dadd.o(.text) for __aeabi_drsub
    main.o(i.Kalman_Filter) refers to dmul.o(.text) for __aeabi_dmul
    main.o(i.Kalman_Filter) refers to d2f.o(.text) for __aeabi_d2f
    main.o(i.Kalman_Filter) refers to fadd.o(.text) for __aeabi_fsub
    main.o(i.Kalman_Filter) refers to fmul.o(.text) for __aeabi_fmul
    main.o(i.Kalman_Filter) refers to fdiv.o(.text) for __aeabi_fdiv
    main.o(i.Kalman_Filter) refers to main.o(.data) for dt
    main.o(i.Kalman_Filter) refers to main.o(.bss) for Pdot
    main.o(i.Kalman_Filter2) refers to f2d.o(.text) for __aeabi_f2d
    main.o(i.Kalman_Filter2) refers to dadd.o(.text) for __aeabi_drsub
    main.o(i.Kalman_Filter2) refers to dmul.o(.text) for __aeabi_dmul
    main.o(i.Kalman_Filter2) refers to d2f.o(.text) for __aeabi_d2f
    main.o(i.Kalman_Filter2) refers to fadd.o(.text) for __aeabi_fsub
    main.o(i.Kalman_Filter2) refers to fmul.o(.text) for __aeabi_fmul
    main.o(i.Kalman_Filter2) refers to fdiv.o(.text) for __aeabi_fdiv
    main.o(i.Kalman_Filter2) refers to main.o(.data) for dt2
    main.o(i.Kalman_Filter2) refers to main.o(.bss) for Pdot2
    main.o(i.Kalman_Filter4) refers to f2d.o(.text) for __aeabi_f2d
    main.o(i.Kalman_Filter4) refers to dadd.o(.text) for __aeabi_drsub
    main.o(i.Kalman_Filter4) refers to dmul.o(.text) for __aeabi_dmul
    main.o(i.Kalman_Filter4) refers to d2f.o(.text) for __aeabi_d2f
    main.o(i.Kalman_Filter4) refers to fadd.o(.text) for __aeabi_fsub
    main.o(i.Kalman_Filter4) refers to fmul.o(.text) for __aeabi_fmul
    main.o(i.Kalman_Filter4) refers to fdiv.o(.text) for __aeabi_fdiv
    main.o(i.Kalman_Filter4) refers to main.o(.data) for dt4
    main.o(i.Kalman_Filter4) refers to main.o(.bss) for Pdot4
    main.o(i.MPU_Get_Accelerometer) refers to main.o(i.MPU_Read_Len) for MPU_Read_Len
    main.o(i.MPU_Get_Accelerometer2) refers to main.o(i.MPU_Read_Len2) for MPU_Read_Len2
    main.o(i.MPU_Get_Accelerometer4) refers to main.o(i.MPU_Read_Len4) for MPU_Read_Len4
    main.o(i.MPU_Get_Gyroscope) refers to main.o(i.MPU_Read_Len) for MPU_Read_Len
    main.o(i.MPU_Get_Gyroscope2) refers to main.o(i.MPU_Read_Len2) for MPU_Read_Len2
    main.o(i.MPU_Get_Gyroscope4) refers to main.o(i.MPU_Read_Len4) for MPU_Read_Len4
    main.o(i.MPU_Get_Temperature) refers to main.o(i.MPU_Read_Len) for MPU_Read_Len
    main.o(i.MPU_Get_Temperature) refers to dflti.o(.text) for __aeabi_i2d
    main.o(i.MPU_Get_Temperature) refers to ddiv.o(.text) for __aeabi_ddiv
    main.o(i.MPU_Get_Temperature) refers to dadd.o(.text) for __aeabi_dadd
    main.o(i.MPU_Get_Temperature) refers to d2f.o(.text) for __aeabi_d2f
    main.o(i.MPU_Get_Temperature) refers to fmul.o(.text) for __aeabi_fmul
    main.o(i.MPU_Get_Temperature) refers to ffixi.o(.text) for __aeabi_f2iz
    main.o(i.MPU_Get_Temperature2) refers to main.o(i.MPU_Read_Len2) for MPU_Read_Len2
    main.o(i.MPU_Get_Temperature2) refers to dflti.o(.text) for __aeabi_i2d
    main.o(i.MPU_Get_Temperature2) refers to ddiv.o(.text) for __aeabi_ddiv
    main.o(i.MPU_Get_Temperature2) refers to dadd.o(.text) for __aeabi_dadd
    main.o(i.MPU_Get_Temperature2) refers to d2f.o(.text) for __aeabi_d2f
    main.o(i.MPU_Get_Temperature2) refers to fmul.o(.text) for __aeabi_fmul
    main.o(i.MPU_Get_Temperature2) refers to ffixi.o(.text) for __aeabi_f2iz
    main.o(i.MPU_Get_Temperature4) refers to main.o(i.MPU_Read_Len4) for MPU_Read_Len4
    main.o(i.MPU_Get_Temperature4) refers to dflti.o(.text) for __aeabi_i2d
    main.o(i.MPU_Get_Temperature4) refers to ddiv.o(.text) for __aeabi_ddiv
    main.o(i.MPU_Get_Temperature4) refers to dadd.o(.text) for __aeabi_dadd
    main.o(i.MPU_Get_Temperature4) refers to d2f.o(.text) for __aeabi_d2f
    main.o(i.MPU_Get_Temperature4) refers to fmul.o(.text) for __aeabi_fmul
    main.o(i.MPU_Get_Temperature4) refers to ffixi.o(.text) for __aeabi_f2iz
    main.o(i.MPU_IIC_Ack) refers to main.o(i.MPU_IIC_Delay) for MPU_IIC_Delay
    main.o(i.MPU_IIC_Ack2) refers to main.o(i.MPU_IIC_Delay2) for MPU_IIC_Delay2
    main.o(i.MPU_IIC_Ack4) refers to main.o(i.MPU_IIC_Delay4) for MPU_IIC_Delay4
    main.o(i.MPU_IIC_Delay) refers to delay.o(i.delay_us) for delay_us
    main.o(i.MPU_IIC_Delay2) refers to delay.o(i.delay_us) for delay_us
    main.o(i.MPU_IIC_Delay4) refers to delay.o(i.delay_us) for delay_us
    main.o(i.MPU_IIC_Init) refers to stm32f10x_rcc.o(i.RCC_APB2PeriphClockCmd) for RCC_APB2PeriphClockCmd
    main.o(i.MPU_IIC_Init) refers to stm32f10x_gpio.o(i.GPIO_Init) for GPIO_Init
    main.o(i.MPU_IIC_Init) refers to stm32f10x_gpio.o(i.GPIO_SetBits) for GPIO_SetBits
    main.o(i.MPU_IIC_NAck) refers to main.o(i.MPU_IIC_Delay) for MPU_IIC_Delay
[...]
    startup_stm32f10x_hd.o(RESET) refers to stm32f10x_it.o(i.BusFault_Handler) for BusFault_Handler
    startup_stm32f10x_hd.o(RESET) refers to stm32f10x_it.o(i.UsageFault_Handler) for UsageFault_Handler
    startup_stm32f10x_hd.o(RESET) refers to stm32f10x_it.o(i.SVC_Handler) for SVC_Handler
    startup_stm32f10x_hd.o(RESET) refers to stm32f10x_it.o(i.DebugMon_Handler) for DebugMon_Handler
    startup_stm32f10x_hd.o(RESET) refers to stm32f10x_it.o(i.PendSV_Handler) for PendSV_Handler
    startup_stm32f10x_hd.o(RESET) refers to stm32f10x_it.o(i.SysTick_Handler) for SysTick_Handler
    startup_stm32f10x_hd.o(RESET) refers to usart.o(i.USART1_IRQHandler) for USART1_IRQHandler
    startup_stm32f10x_hd.o(.text) refers to system_stm32f10x.o(i.SystemInit) for SystemInit
    startup_stm32f10x_hd.o(.text) refers to entry.o(.ARM.Collect$$$$00000000) for __main
    stm32f10x_gpio.o(i.GPIO_AFIODeInit) refers to stm32f10x_rcc.o(i.RCC_APB2PeriphResetCmd) for RCC_APB2PeriphResetCmd
    stm32f10x_gpio.o(i.GPIO_DeInit) refers to stm32f10x_rcc.o(i.RCC_APB2PeriphResetCmd) for RCC_APB2PeriphResetCmd
    stm32f10x_rcc.o(i.RCC_GetClocksFreq) refers to stm32f10x_rcc.o(.data) for APBAHBPrescTable
    stm32f10x_rcc.o(i.RCC_WaitForHSEStartUp) refers to stm32f10x_rcc.o(i.RCC_GetFlagStatus) for RCC_GetFlagStatus
    stm32f10x_usart.o(i.USART_DeInit) refers to stm32f10x_rcc.o(i.RCC_APB2PeriphResetCmd) for RCC_APB2PeriphResetCmd
    stm32f10x_usart.o(i.USART_DeInit) refers to stm32f10x_rcc.o(i.RCC_APB1PeriphResetCmd) for RCC_APB1PeriphResetCmd
    stm32f10x_usart.o(i.USART_Init) refers to stm32f10x_rcc.o(i.RCC_GetClocksFreq) for RCC_GetClocksFreq
    stm32f10x_tim.o(i.TIM_DeInit) refers to stm32f10x_rcc.o(i.RCC_APB2PeriphResetCmd) for RCC_APB2PeriphResetCmd
    stm32f10x_tim.o(i.TIM_DeInit) refers to stm32f10x_rcc.o(i.RCC_APB1PeriphResetCmd) for RCC_APB1PeriphResetCmd
    stm32f10x_tim.o(i.TIM_ETRClockMode1Config) refers to stm32f10x_tim.o(i.TIM_ETRConfig) for TIM_ETRConfig
    stm32f10x_tim.o(i.TIM_ETRClockMode2Config) refers to stm32f10x_tim.o(i.TIM_ETRConfig) for TIM_ETRConfig
    stm32f10x_tim.o(i.TIM_ICInit) refers to stm32f10x_tim.o(i.TI1_Config) for TI1_Config
    stm32f10x_tim.o(i.TIM_ICInit) refers to stm32f10x_tim.o(i.TIM_SetIC1Prescaler) for TIM_SetIC1Prescaler
    stm32f10x_tim.o(i.TIM_ICInit) refers to stm32f10x_tim.o(i.TI2_Config) for TI2_Config
    stm32f10x_tim.o(i.TIM_ICInit) refers to stm32f10x_tim.o(i.TIM_SetIC2Prescaler) for TIM_SetIC2Prescaler
    stm32f10x_tim.o(i.TIM_ICInit) refers to stm32f10x_tim.o(i.TI3_Config) for TI3_Config
    stm32f10x_tim.o(i.TIM_ICInit) refers to stm32f10x_tim.o(i.TIM_SetIC3Prescaler) for TIM_SetIC3Prescaler
    stm32f10x_tim.o(i.TIM_ICInit) refers to stm32f10x_tim.o(i.TI4_Config) for TI4_Config
    stm32f10x_tim.o(i.TIM_ICInit) refers to stm32f10x_tim.o(i.TIM_SetIC4Prescaler) for TIM_SetIC4Prescaler
    stm32f10x_tim.o(i.TIM_ITRxExternalClockConfig) refers to stm32f10x_tim.o(i.TIM_SelectInputTrigger) for TIM_SelectInputTrigger
    stm32f10x_tim.o(i.TIM_PWMIConfig) refers to stm32f10x_tim.o(i.TI1_Config) for TI1_Config
    stm32f10x_tim.o(i.TIM_PWMIConfig) refers to stm32f10x_tim.o(i.TIM_SetIC1Prescaler) for TIM_SetIC1Prescaler
    stm32f10x_tim.o(i.TIM_PWMIConfig) refers to stm32f10x_tim.o(i.TI2_Config) for TI2_Config
    stm32f10x_tim.o(i.TIM_PWMIConfig) refers to stm32f10x_tim.o(i.TIM_SetIC2Prescaler) for TIM_SetIC2Prescaler
    stm32f10x_tim.o(i.TIM_TIxExternalClockConfig) refers to stm32f10x_tim.o(i.TI2_Config) for TI2_Config
    stm32f10x_tim.o(i.TIM_TIxExternalClockConfig) refers to stm32f10x_tim.o(i.TI1_Config) for TI1_Config
    stm32f10x_tim.o(i.TIM_TIxExternalClockConfig) refers to stm32f10x_tim.o(i.TIM_SelectInputTrigger) for TIM_SelectInputTrigger
    atan2.o(i.__softfp_atan2) refers (Special) to iusefp.o(.text) for __I$use$fp
    atan2.o(i.__softfp_atan2) refers to atan2.o(i.atan2) for atan2
    atan2.o(i.atan2) refers (Special) to iusefp.o(.text) for __I$use$fp
    atan2.o(i.atan2) refers to dunder.o(i.__mathlib_dbl_infnan2) for __mathlib_dbl_infnan2
    atan2.o(i.atan2) refers to atan.o(i.atan) for atan
    atan2.o(i.atan2) refers to ddiv.o(.text) for __aeabi_ddiv
    atan2.o(i.atan2) refers to dadd.o(.text) for __aeabi_dsub
    atan2.o(i.atan2) refers to qnan.o(.constdata) for __mathlib_zero
    atan2_x.o(i.____softfp_atan2$lsc) refers (Special) to iusefp.o(.text) for __I$use$fp
    atan2_x.o(i.____softfp_atan2$lsc) refers to atan2_x.o(i.__atan2$lsc) for __atan2$lsc
    atan2_x.o(i.__atan2$lsc) refers (Special) to iusefp.o(.text) for __I$use$fp
    atan2_x.o(i.__atan2$lsc) refers to dunder.o(i.__mathlib_dbl_infnan2) for __mathlib_dbl_infnan2
    atan2_x.o(i.__atan2$lsc) refers to atan.o(i.atan) for atan
    atan2_x.o(i.__atan2$lsc) refers to errno.o(i.__set_errno) for __set_errno
    atan2_x.o(i.__atan2$lsc) refers to ddiv.o(.text) for __aeabi_ddiv
    atan2_x.o(i.__atan2$lsc) refers to dadd.o(.text) for __aeabi_dsub
    atan2_x.o(i.__atan2$lsc) refers to qnan.o(.constdata) for __mathlib_zero
    entry.o(.ARM.Collect$$$$00000000) refers (Special) to entry10a.o(.ARM.Collect$$$$0000000D) for __rt_final_cpp
    entry.o(.ARM.Collect$$$$00000000) refers (Special) to entry11a.o(.ARM.Collect$$$$0000000F) for __rt_final_exit
    entry.o(.ARM.Collect$$$$00000000) refers (Special) to entry7b.o(.ARM.Collect$$$$00000008) for _main_clock
    entry.o(.ARM.Collect$$$$00000000) refers (Special) to entry8b.o(.ARM.Collect$$$$0000000A) for _main_cpp_init
    entry.o(.ARM.Collect$$$$00000000) refers (Special) to entry9a.o(.ARM.Collect$$$$0000000B) for _main_init
    entry.o(.ARM.Collect$$$$00000000) refers (Special) to entry5.o(.ARM.Collect$$$$00000004) for _main_scatterload
    entry.o(.ARM.Collect$$$$00000000) refers (Special) to entry2.o(.ARM.Collect$$$$00000001) for _main_stk
    fadd.o(.text) refers (Special) to iusefp.o(.text) for __I$use$fp
    fadd.o(.text) refers to fepilogue.o(.text) for _float_epilogue
    fmul.o(.text) refers (Special) to iusefp.o(.text) for __I$use$fp
    fdiv.o(.text) refers (Special) to iusefp.o(.text) for __I$use$fp
    fdiv.o(.text) refers to fepilogue.o(.text) for _float_round
    dadd.o(.text) refers (Special) to iusefp.o(.text) for __I$use$fp
    dadd.o(.text) refers to llshl.o(.text) for __aeabi_llsl
    dadd.o(.text) refers to llsshr.o(.text) for __aeabi_lasr
    dadd.o(.text) refers to depilogue.o(.text) for _double_epilogue
    dmul.o(.text) refers (Special) to iusefp.o(.text) for __I$use$fp
    dmul.o(.text) refers to depilogue.o(.text) for _double_epilogue
    ddiv.o(.text) refers (Special) to iusefp.o(.text) for __I$use$fp
    ddiv.o(.text) refers to depilogue.o(.text) for _double_round
    fflti.o(.text) refers (Special) to iusefp.o(.text) for __I$use$fp
    fflti.o(.text) refers to fepilogue.o(.text) for _float_epilogue
    dflti.o(.text) refers (Special) to iusefp.o(.text) for __I$use$fp
    dflti.o(.text) refers to depilogue.o(.text) for _double_epilogue
    ffixi.o(.text) refers (Special) to iusefp.o(.text) for __I$use$fp
    f2d.o(.text) refers (Special) to iusefp.o(.text) for __I$use$fp
    d2f.o(.text) refers (Special) to iusefp.o(.text) for __I$use$fp
    d2f.o(.text) refers to fepilogue.o(.text) for _float_round
    atan.o(i.__softfp_atan) refers (Special) to iusefp.o(.text) for __I$use$fp
    atan.o(i.__softfp_atan) refers to atan.o(i.atan) for atan
    atan.o(i.atan) refers (Special) to iusefp.o(.text) for __I$use$fp
    atan.o(i.atan) refers to dunder.o(i.__mathlib_dbl_infnan) for __mathlib_dbl_infnan
    atan.o(i.atan) refers to fpclassify.o(i.__ARM_fpclassify) for __ARM_fpclassify
    atan.o(i.atan) refers to dunder.o(i.__mathlib_dbl_underflow) for __mathlib_dbl_underflow
    atan.o(i.atan) refers to dadd.o(.text) for __aeabi_dadd
    atan.o(i.atan) refers to dscalb.o(.text) for __ARM_scalbn
    atan.o(i.atan) refers to ddiv.o(.text) for __aeabi_ddiv
    atan.o(i.atan) refers to dmul.o(.text) for __aeabi_dmul
    atan.o(i.atan) refers to poly.o(i.__kernel_poly) for __kernel_poly
    atan.o(i.atan) refers to atan.o(.constdata) for .constdata
    atan.o(.constdata) refers (Special) to iusefp.o(.text) for __I$use$fp
    atan_x.o(i.____softfp_atan$lsc) refers (Special) to iusefp.o(.text) for __I$use$fp
    atan_x.o(i.____softfp_atan$lsc) refers to atan_x.o(i.__atan$lsc) for __atan$lsc
    atan_x.o(i.__atan$lsc) refers (Special) to iusefp.o(.text) for __I$use$fp
    atan_x.o(i.__atan$lsc) refers to dunder.o(i.__mathlib_dbl_infnan) for __mathlib_dbl_infnan
    atan_x.o(i.__atan$lsc) refers to dadd.o(.text) for __aeabi_dadd
    atan_x.o(i.__atan$lsc) refers to dscalb.o(.text) for __ARM_scalbn
    atan_x.o(i.__atan$lsc) refers to ddiv.o(.text) for __aeabi_ddiv
    atan_x.o(i.__atan$lsc) refers to dmul.o(.text) for __aeabi_dmul
    atan_x.o(i.__atan$lsc) refers to poly.o(i.__kernel_poly) for __kernel_poly
    atan_x.o(i.__atan$lsc) refers to atan_x.o(.constdata) for .constdata
    atan_x.o(.constdata) refers (Special) to iusefp.o(.text) for __I$use$fp
    dunder.o(i.__mathlib_dbl_divzero) refers to ddiv.o(.text) for __aeabi_ddiv
    dunder.o(i.__mathlib_dbl_infnan) refers to dscalb.o(.text) for __ARM_scalbn
    dunder.o(i.__mathlib_dbl_infnan2) refers to dadd.o(.text) for __aeabi_dadd
    dunder.o(i.__mathlib_dbl_invalid) refers to ddiv.o(.text) for __aeabi_ddiv
    dunder.o(i.__mathlib_dbl_overflow) refers to dscalb.o(.text) for __ARM_scalbn
    dunder.o(i.__mathlib_dbl_posinfnan) refers to dmul.o(.text) for __aeabi_dmul
    dunder.o(i.__mathlib_dbl_underflow) refers to dscalb.o(.text) for __ARM_scalbn
    qnan.o(.constdata) refers (Special) to iusefp.o(.text) for __I$use$fp
    entry2.o(.ARM.Collect$$$$00000001) refers to entry2.o(.ARM.Collect$$$$00002712) for __lit__00000000
    entry2.o(.ARM.Collect$$$$00002712) refers to startup_stm32f10x_hd.o(STACK) for __initial_sp
    entry2.o(__vectab_stack_and_reset_area) refers to startup_stm32f10x_hd.o(STACK) for __initial_sp
    entry2.o(__vectab_stack_and_reset_area) refers to entry.o(.ARM.Collect$$$$00000000) for __main
    entry5.o(.ARM.Collect$$$$00000004) refers to init.o(.text) for __scatterload
    entry9a.o(.ARM.Collect$$$$0000000B) refers to main.o(i.main) for main
    entry9b.o(.ARM.Collect$$$$0000000C) refers to main.o(i.main) for main
    errno.o(i.__aeabi_errno_addr) refers to errno.o(.data) for .data
    errno.o(i.__read_errno) refers to errno.o(.data) for .data
    errno.o(i.__set_errno) refers to errno.o(.data) for .data
    depilogue.o(.text) refers to llshl.o(.text) for __aeabi_llsl
    depilogue.o(.text) refers to llushr.o(.text) for __aeabi_llsr
    fpclassify.o(i.__ARM_fpclassify) refers (Special) to iusefp.o(.text) for __I$use$fp
    poly.o(i.__kernel_poly) refers (Special) to iusefp.o(.text) for __I$use$fp
    poly.o(i.__kernel_poly) refers to dmul.o(.text) for __aeabi_dmul
    poly.o(i.__kernel_poly) refers to dadd.o(.text) for __aeabi_dadd
    init.o(.text) refers to entry5.o(.ARM.Collect$$$$00000004) for __main_after_scatterload


==============================================================================

Removing Unused input sections from the image.

    Removing main.o(i.MPU_Get_Temperature), (104 bytes).
    Removing main.o(i.MPU_Get_Temperature2), (104 bytes).
    Removing main.o(i.MPU_Get_Temperature4), (104 bytes).
    Removing main.o(i.MPU_Write_Len), (96 bytes).
    Removing main.o(i.MPU_Write_Len2), (96 bytes).
    Removing main.o(i.MPU_Write_Len4), (96 bytes).
    Removing system_stm32f10x.o(i.SystemCoreClockUpdate), (164 bytes).
    Removing sys.o(.emb_text), (6 bytes).
    Removing sys.o(i.INTX_DISABLE), (4 bytes).
    Removing sys.o(i.INTX_ENABLE), (4 bytes).
    Removing sys.o(i.WFI_SET), (4 bytes).
    Removing usart.o(i._sys_exit), (4 bytes).
    Removing usart.o(i.fputc), (28 bytes).
    Removing core_cm3.o(.emb_text), (32 bytes).
    Removing startup_stm32f10x_hd.o(HEAP), (512 bytes).
    Removing misc.o(i.NVIC_SetVectorTable), (20 bytes).
    Removing misc.o(i.NVIC_SystemLPConfig), (32 bytes).
    Removing stm32f10x_fsmc.o(i.FSMC_ClearFlag), (64 bytes).
    Removing stm32f10x_fsmc.o(i.FSMC_ClearITPendingBit), (72 bytes).
    Removing stm32f10x_fsmc.o(i.FSMC_GetECC), (28 bytes).
    Removing stm32f10x_fsmc.o(i.FSMC_GetFlagStatus), (56 bytes).
    Removing stm32f10x_fsmc.o(i.FSMC_GetITStatus), (68 bytes).
    Removing stm32f10x_fsmc.o(i.FSMC_ITConfig), (128 bytes).
    Removing stm32f10x_fsmc.o(i.FSMC_NANDCmd), (92 bytes).
    Removing stm32f10x_fsmc.o(i.FSMC_NANDDeInit), (68 bytes).
    Removing stm32f10x_fsmc.o(i.FSMC_NANDECCCmd), (92 bytes).
    Removing stm32f10x_fsmc.o(i.FSMC_NANDInit), (136 bytes).
    Removing stm32f10x_fsmc.o(i.FSMC_NANDStructInit), (54 bytes).
    Removing stm32f10x_fsmc.o(i.FSMC_NORSRAMCmd), (52 bytes).
    Removing stm32f10x_fsmc.o(i.FSMC_NORSRAMDeInit), (54 bytes).
    Removing stm32f10x_fsmc.o(i.FSMC_NORSRAMInit), (230 bytes).
    Removing stm32f10x_fsmc.o(i.FSMC_NORSRAMStructInit), (114 bytes).
    Removing stm32f10x_fsmc.o(i.FSMC_PCCARDCmd), (48 bytes).
    Removing stm32f10x_fsmc.o(i.FSMC_PCCARDDeInit), (40 bytes).
    Removing stm32f10x_fsmc.o(i.FSMC_PCCARDInit), (132 bytes).
    Removing stm32f10x_fsmc.o(i.FSMC_PCCARDStructInit), (60 bytes).
    Removing stm32f10x_gpio.o(i.GPIO_AFIODeInit), (20 bytes).
    Removing stm32f10x_gpio.o(i.GPIO_DeInit), (200 bytes).
    Removing stm32f10x_gpio.o(i.GPIO_ETH_MediaInterfaceConfig), (12 bytes).
    Removing stm32f10x_gpio.o(i.GPIO_EXTILineConfig), (64 bytes).
    Removing stm32f10x_gpio.o(i.GPIO_EventOutputCmd), (12 bytes).
    Removing stm32f10x_gpio.o(i.GPIO_EventOutputConfig), (32 bytes).
    Removing stm32f10x_gpio.o(i.GPIO_PinLockConfig), (18 bytes).
    Removing stm32f10x_gpio.o(i.GPIO_PinRemapConfig), (144 bytes).
    Removing stm32f10x_gpio.o(i.GPIO_ReadInputData), (8 bytes).
    Removing stm32f10x_gpio.o(i.GPIO_ReadInputDataBit), (18 bytes).
    Removing stm32f10x_gpio.o(i.GPIO_ReadOutputData), (8 bytes).
    Removing stm32f10x_gpio.o(i.GPIO_ReadOutputDataBit), (18 bytes).
    Removing stm32f10x_gpio.o(i.GPIO_ResetBits), (4 bytes).
    Removing stm32f10x_gpio.o(i.GPIO_StructInit), (16 bytes).
    Removing stm32f10x_gpio.o(i.GPIO_Write), (4 bytes).
    Removing stm32f10x_gpio.o(i.GPIO_WriteBit), (10 bytes).
    Removing stm32f10x_rcc.o(i.RCC_ADCCLKConfig), (24 bytes).
    Removing stm32f10x_rcc.o(i.RCC_AHBPeriphClockCmd), (32 bytes).
    Removing stm32f10x_rcc.o(i.RCC_APB1PeriphClockCmd), (32 bytes).
    Removing stm32f10x_rcc.o(i.RCC_APB1PeriphResetCmd), (32 bytes).
    Removing stm32f10x_rcc.o(i.RCC_APB2PeriphResetCmd), (32 bytes).
    Removing stm32f10x_rcc.o(i.RCC_AdjustHSICalibrationValue), (24 bytes).
    Removing stm32f10x_rcc.o(i.RCC_BackupResetCmd), (12 bytes).
    Removing stm32f10x_rcc.o(i.RCC_ClearFlag), (20 bytes).
    Removing stm32f10x_rcc.o(i.RCC_ClearITPendingBit), (12 bytes).
    Removing stm32f10x_rcc.o(i.RCC_ClockSecuritySystemCmd), (12 bytes).
    Removing stm32f10x_rcc.o(i.RCC_DeInit), (76 bytes).
    Removing stm32f10x_rcc.o(i.RCC_GetFlagStatus), (60 bytes).
    Removing stm32f10x_rcc.o(i.RCC_GetITStatus), (24 bytes).
    Removing stm32f10x_rcc.o(i.RCC_GetSYSCLKSource), (16 bytes).
    Removing stm32f10x_rcc.o(i.RCC_HCLKConfig), (24 bytes).
    Removing stm32f10x_rcc.o(i.RCC_HSEConfig), (76 bytes).
    Removing stm32f10x_rcc.o(i.RCC_HSICmd), (12 bytes).
    Removing stm32f10x_rcc.o(i.RCC_ITConfig), (32 bytes).
    Removing stm32f10x_rcc.o(i.RCC_LSEConfig), (52 bytes).
    Removing stm32f10x_rcc.o(i.RCC_LSICmd), (12 bytes).
    Removing stm32f10x_rcc.o(i.RCC_MCOConfig), (12 bytes).
    Removing stm32f10x_rcc.o(i.RCC_PCLK1Config), (24 bytes).
    Removing stm32f10x_rcc.o(i.RCC_PCLK2Config), (24 bytes).
    Removing stm32f10x_rcc.o(i.RCC_PLLCmd), (12 bytes).
    Removing stm32f10x_rcc.o(i.RCC_PLLConfig), (28 bytes).
    Removing stm32f10x_rcc.o(i.RCC_RTCCLKCmd), (12 bytes).
    Removing stm32f10x_rcc.o(i.RCC_RTCCLKConfig), (16 bytes).
    Removing stm32f10x_rcc.o(i.RCC_SYSCLKConfig), (24 bytes).
    Removing stm32f10x_rcc.o(i.RCC_USBCLKConfig), (12 bytes).
    Removing stm32f10x_rcc.o(i.RCC_WaitForHSEStartUp), (56 bytes).
    Removing stm32f10x_usart.o(i.USART_ClearFlag), (18 bytes).
    Removing stm32f10x_usart.o(i.USART_ClearITPendingBit), (30 bytes).
    Removing stm32f10x_usart.o(i.USART_ClockInit), (34 bytes).
    Removing stm32f10x_usart.o(i.USART_ClockStructInit), (12 bytes).
    Removing stm32f10x_usart.o(i.USART_DMACmd), (18 bytes).
    Removing stm32f10x_usart.o(i.USART_DeInit), (156 bytes).
    Removing stm32f10x_usart.o(i.USART_HalfDuplexCmd), (24 bytes).
    Removing stm32f10x_usart.o(i.USART_IrDACmd), (24 bytes).
    Removing stm32f10x_usart.o(i.USART_IrDAConfig), (18 bytes).
    Removing stm32f10x_usart.o(i.USART_LINBreakDetectLengthConfig), (18 bytes).
    Removing stm32f10x_usart.o(i.USART_LINCmd), (24 bytes).
    Removing stm32f10x_usart.o(i.USART_OneBitMethodCmd), (24 bytes).
    Removing stm32f10x_usart.o(i.USART_OverSampling8Cmd), (22 bytes).
    Removing stm32f10x_usart.o(i.USART_ReceiverWakeUpCmd), (24 bytes).
    Removing stm32f10x_usart.o(i.USART_SendBreak), (10 bytes).
    Removing stm32f10x_usart.o(i.USART_SetAddress), (18 bytes).
    Removing stm32f10x_usart.o(i.USART_SetGuardTime), (16 bytes).
    Removing stm32f10x_usart.o(i.USART_SetPrescaler), (16 bytes).
    Removing stm32f10x_usart.o(i.USART_SmartCardCmd), (24 bytes).
    Removing stm32f10x_usart.o(i.USART_SmartCardNACKCmd), (24 bytes).
    Removing stm32f10x_usart.o(i.USART_StructInit), (24 bytes).
    Removing stm32f10x_usart.o(i.USART_WakeUpConfig), (18 bytes).
    Removing stm32f10x_tim.o(i.TI1_Config), (128 bytes).
    Removing stm32f10x_tim.o(i.TI2_Config), (152 bytes).
    Removing stm32f10x_tim.o(i.TI3_Config), (144 bytes).
    Removing stm32f10x_tim.o(i.TI4_Config), (152 bytes).
    Removing stm32f10x_tim.o(i.TIM_ARRPreloadConfig), (24 bytes).
    Removing stm32f10x_tim.o(i.TIM_BDTRConfig), (32 bytes).
    Removing stm32f10x_tim.o(i.TIM_BDTRStructInit), (18 bytes).
    Removing stm32f10x_tim.o(i.TIM_CCPreloadControl), (24 bytes).
    Removing stm32f10x_tim.o(i.TIM_CCxCmd), (30 bytes).
    Removing stm32f10x_tim.o(i.TIM_CCxNCmd), (30 bytes).
    Removing stm32f10x_tim.o(i.TIM_ClearFlag), (6 bytes).
    Removing stm32f10x_tim.o(i.TIM_ClearITPendingBit), (6 bytes).
    Removing stm32f10x_tim.o(i.TIM_ClearOC1Ref), (18 bytes).
    Removing stm32f10x_tim.o(i.TIM_ClearOC2Ref), (24 bytes).
    Removing stm32f10x_tim.o(i.TIM_ClearOC3Ref), (18 bytes).
    Removing stm32f10x_tim.o(i.TIM_ClearOC4Ref), (24 bytes).
    Removing stm32f10x_tim.o(i.TIM_Cmd), (24 bytes).
    Removing stm32f10x_tim.o(i.TIM_CounterModeConfig), (18 bytes).
    Removing stm32f10x_tim.o(i.TIM_CtrlPWMOutputs), (30 bytes).
    Removing stm32f10x_tim.o(i.TIM_DMACmd), (18 bytes).
    Removing stm32f10x_tim.o(i.TIM_DMAConfig), (10 bytes).
    Removing stm32f10x_tim.o(i.TIM_DeInit), (488 bytes).
    Removing stm32f10x_tim.o(i.TIM_ETRClockMode1Config), (54 bytes).
    Removing stm32f10x_tim.o(i.TIM_ETRClockMode2Config), (32 bytes).
    Removing stm32f10x_tim.o(i.TIM_ETRConfig), (28 bytes).
    Removing stm32f10x_tim.o(i.TIM_EncoderInterfaceConfig), (66 bytes).
    Removing stm32f10x_tim.o(i.TIM_ForcedOC1Config), (18 bytes).
    Removing stm32f10x_tim.o(i.TIM_ForcedOC2Config), (26 bytes).
    Removing stm32f10x_tim.o(i.TIM_ForcedOC3Config), (18 bytes).
    Removing stm32f10x_tim.o(i.TIM_ForcedOC4Config), (26 bytes).
    Removing stm32f10x_tim.o(i.TIM_GenerateEvent), (4 bytes).
    Removing stm32f10x_tim.o(i.TIM_GetCapture1), (6 bytes).
    Removing stm32f10x_tim.o(i.TIM_GetCapture2), (6 bytes).
    Removing stm32f10x_tim.o(i.TIM_GetCapture3), (6 bytes).
    Removing stm32f10x_tim.o(i.TIM_GetCapture4), (8 bytes).
    Removing stm32f10x_tim.o(i.TIM_GetCounter), (6 bytes).
    Removing stm32f10x_tim.o(i.TIM_GetFlagStatus), (18 bytes).
    Removing stm32f10x_tim.o(i.TIM_GetITStatus), (34 bytes).
    Removing stm32f10x_tim.o(i.TIM_GetPrescaler), (6 bytes).
    Removing stm32f10x_tim.o(i.TIM_ICInit), (172 bytes).
    Removing stm32f10x_tim.o(i.TIM_ICStructInit), (18 bytes).
    Removing stm32f10x_tim.o(i.TIM_ITConfig), (18 bytes).
    Removing stm32f10x_tim.o(i.TIM_ITRxExternalClockConfig), (24 bytes).
    Removing stm32f10x_tim.o(i.TIM_InternalClockConfig), (12 bytes).
    Removing stm32f10x_tim.o(i.TIM_OC1FastConfig), (18 bytes).
    Removing stm32f10x_tim.o(i.TIM_OC1Init), (152 bytes).
    Removing stm32f10x_tim.o(i.TIM_OC1NPolarityConfig), (18 bytes).
    Removing stm32f10x_tim.o(i.TIM_OC1PolarityConfig), (18 bytes).
    Removing stm32f10x_tim.o(i.TIM_OC1PreloadConfig), (18 bytes).
    Removing stm32f10x_tim.o(i.TIM_OC2FastConfig), (26 bytes).
    Removing stm32f10x_tim.o(i.TIM_OC2Init), (164 bytes).
    Removing stm32f10x_tim.o(i.TIM_OC2NPolarityConfig), (26 bytes).
    Removing stm32f10x_tim.o(i.TIM_OC2PolarityConfig), (26 bytes).
    Removing stm32f10x_tim.o(i.TIM_OC2PreloadConfig), (26 bytes).
    Removing stm32f10x_tim.o(i.TIM_OC3FastConfig), (18 bytes).
    Removing stm32f10x_tim.o(i.TIM_OC3Init), (160 bytes).
    Removing stm32f10x_tim.o(i.TIM_OC3NPolarityConfig), (26 bytes).
    Removing stm32f10x_tim.o(i.TIM_OC3PolarityConfig), (26 bytes).
    Removing stm32f10x_tim.o(i.TIM_OC3PreloadConfig), (18 bytes).
    Removing stm32f10x_tim.o(i.TIM_OC4FastConfig), (26 bytes).
    Removing stm32f10x_tim.o(i.TIM_OC4Init), (124 bytes).
    Removing stm32f10x_tim.o(i.TIM_OC4PolarityConfig), (26 bytes).
    Removing stm32f10x_tim.o(i.TIM_OC4PreloadConfig), (26 bytes).
    Removing stm32f10x_tim.o(i.TIM_OCStructInit), (20 bytes).
    Removing stm32f10x_tim.o(i.TIM_PWMIConfig), (124 bytes).
    Removing stm32f10x_tim.o(i.TIM_PrescalerConfig), (6 bytes).
    Removing stm32f10x_tim.o(i.TIM_SelectCCDMA), (24 bytes).
    Removing stm32f10x_tim.o(i.TIM_SelectCOM), (24 bytes).
    Removing stm32f10x_tim.o(i.TIM_SelectHallSensor), (24 bytes).
    Removing stm32f10x_tim.o(i.TIM_SelectInputTrigger), (18 bytes).
    Removing stm32f10x_tim.o(i.TIM_SelectMasterSlaveMode), (18 bytes).
    Removing stm32f10x_tim.o(i.TIM_SelectOCxM), (82 bytes).
    Removing stm32f10x_tim.o(i.TIM_SelectOnePulseMode), (18 bytes).
    Removing stm32f10x_tim.o(i.TIM_SelectOutputTrigger), (18 bytes).
    Removing stm32f10x_tim.o(i.TIM_SelectSlaveMode), (18 bytes).
    Removing stm32f10x_tim.o(i.TIM_SetAutoreload), (4 bytes).
    Removing stm32f10x_tim.o(i.TIM_SetClockDivision), (18 bytes).
    Removing stm32f10x_tim.o(i.TIM_SetCompare1), (4 bytes).
    Removing stm32f10x_tim.o(i.TIM_SetCompare2), (4 bytes).
    Removing stm32f10x_tim.o(i.TIM_SetCompare3), (4 bytes).
    Removing stm32f10x_tim.o(i.TIM_SetCompare4), (6 bytes).
    Removing stm32f10x_tim.o(i.TIM_SetCounter), (4 bytes).
    Removing stm32f10x_tim.o(i.TIM_SetIC1Prescaler), (18 bytes).
    Removing stm32f10x_tim.o(i.TIM_SetIC2Prescaler), (26 bytes).
    Removing stm32f10x_tim.o(i.TIM_SetIC3Prescaler), (18 bytes).
    Removing stm32f10x_tim.o(i.TIM_SetIC4Prescaler), (26 bytes).
    Removing stm32f10x_tim.o(i.TIM_TIxExternalClockConfig), (62 bytes).
    Removing stm32f10x_tim.o(i.TIM_TimeBaseInit), (164 bytes).
    Removing stm32f10x_tim.o(i.TIM_TimeBaseStructInit), (18 bytes).
    Removing stm32f10x_tim.o(i.TIM_UpdateDisableConfig), (24 bytes).
    Removing stm32f10x_tim.o(i.TIM_UpdateRequestConfig), (24 bytes).
    Removing ffixi.o(.text), (50 bytes).

196 unused section(s) (total 8852 bytes) removed from the image.

==============================================================================

Image Symbol Table

    Local Symbols

    Symbol Name                              Value     Ov Type        Size  Object(Section)

    ../clib/../cmprslib/zerorunl2.c          0x00000000   Number         0  __dczerorl2.o ABSOLUTE
    ../clib/microlib/errno.c                 0x00000000   Number         0  errno.o ABSOLUTE
    ../clib/microlib/init/entry.s            0x00000000   Number         0  entry.o ABSOLUTE
    ../clib/microlib/init/entry.s            0x00000000   Number         0  entry7a.o ABSOLUTE
    ../clib/microlib/init/entry.s            0x00000000   Number         0  entry8b.o ABSOLUTE
    ../clib/microlib/init/entry.s            0x00000000   Number         0  entry9b.o ABSOLUTE
    ../clib/microlib/init/entry.s            0x00000000   Number         0  entry10a.o ABSOLUTE
    ../clib/microlib/init/entry.s            0x00000000   Number         0  entry8a.o ABSOLUTE
    ../clib/microlib/init/entry.s            0x00000000   Number         0  entry10b.o ABSOLUTE
    ../clib/microlib/init/entry.s            0x00000000   Number         0  entry11a.o ABSOLUTE
    ../clib/microlib/init/entry.s            0x00000000   Number         0  entry7b.o ABSOLUTE
    ../clib/microlib/init/entry.s            0x00000000   Number         0  entry11b.o ABSOLUTE
    ../clib/microlib/init/entry.s            0x00000000   Number         0  entry2.o ABSOLUTE
    ../clib/microlib/init/entry.s            0x00000000   Number         0  entry9a.o ABSOLUTE
    ../clib/microlib/init/entry.s            0x00000000   Number         0  entry5.o ABSOLUTE
    ../clib/microlib/longlong.c              0x00000000   Number         0  llshl.o ABSOLUTE
    ../clib/microlib/longlong.c              0x00000000   Number         0  llsshr.o ABSOLUTE
    ../clib/microlib/longlong.c              0x00000000   Number         0  llushr.o ABSOLUTE
    ../clib/microlib/stubs.s                 0x00000000   Number         0  iusefp.o ABSOLUTE
    ../clib/microlib/stubs.s                 0x00000000   Number         0  useno.o ABSOLUTE
    ../fplib/microlib/d2f.c                  0x00000000   Number         0  d2f.o ABSOLUTE
    ../fplib/microlib/f2d.c                  0x00000000   Number         0  f2d.o ABSOLUTE
    ../fplib/microlib/fpadd.c                0x00000000   Number         0  dadd.o ABSOLUTE
    ../fplib/microlib/fpadd.c                0x00000000   Number         0  fadd.o ABSOLUTE
    ../fplib/microlib/fpdiv.c                0x00000000   Number         0  fdiv.o ABSOLUTE
    ../fplib/microlib/fpdiv.c                0x00000000   Number         0  ddiv.o ABSOLUTE
    ../fplib/microlib/fpepilogue.c           0x00000000   Number         0  fepilogue.o ABSOLUTE
    ../fplib/microlib/fpepilogue.c           0x00000000   Number         0  depilogue.o ABSOLUTE
    ../fplib/microlib/fpfix.c                0x00000000   Number         0  ffixi.o ABSOLUTE
    ../fplib/microlib/fpflt.c                0x00000000   Number         0  fflti.o ABSOLUTE
    ../fplib/microlib/fpflt.c                0x00000000   Number         0  dflti.o ABSOLUTE
    ../fplib/microlib/fpmul.c                0x00000000   Number         0  fmul.o ABSOLUTE
    ../fplib/microlib/fpmul.c                0x00000000   Number         0  dmul.o ABSOLUTE
    ../fplib/microlib/fpscalb.c              0x00000000   Number         0  dscalb.o ABSOLUTE
    ../mathlib/atan.c                        0x00000000   Number         0  atan_x.o ABSOLUTE
    ../mathlib/atan.c                        0x00000000   Number         0  atan.o ABSOLUTE
    ../mathlib/atan2.c                       0x00000000   Number         0  atan2_x.o ABSOLUTE
    ../mathlib/atan2.c                       0x00000000   Number         0  atan2.o ABSOLUTE
    ../mathlib/dunder.c                      0x00000000   Number         0  dunder.o ABSOLUTE
    ../mathlib/fpclassify.c                  0x00000000   Number         0  fpclassify.o ABSOLUTE
    ../mathlib/poly.c                        0x00000000   Number         0  poly.o ABSOLUTE
    ../mathlib/qnan.c                        0x00000000   Number         0  qnan.o ABSOLUTE
    ..\CORE\core_cm3.c                       0x00000000   Number         0  core_cm3.o ABSOLUTE
    ..\CORE\startup_stm32f10x_hd.s           0x00000000   Number         0  startup_stm32f10x_hd.o ABSOLUTE
    ..\STM32F10x_FWLib\src\misc.c            0x00000000   Number         0  misc.o ABSOLUTE
    ..\STM32F10x_FWLib\src\stm32f10x_fsmc.c  0x00000000   Number         0  stm32f10x_fsmc.o ABSOLUTE
    ..\STM32F10x_FWLib\src\stm32f10x_gpio.c  0x00000000   Number         0  stm32f10x_gpio.o ABSOLUTE
    ..\STM32F10x_FWLib\src\stm32f10x_rcc.c   0x00000000   Number         0  stm32f10x_rcc.o ABSOLUTE
    ..\STM32F10x_FWLib\src\stm32f10x_tim.c   0x00000000   Number         0  stm32f10x_tim.o ABSOLUTE
    ..\STM32F10x_FWLib\src\stm32f10x_usart.c 0x00000000   Number         0  stm32f10x_usart.o ABSOLUTE
    ..\SYSTEM\delay\delay.c                  0x00000000   Number         0  delay.o ABSOLUTE
    ..\SYSTEM\sys\sys.c                      0x00000000   Number         0  sys.o ABSOLUTE
    ..\SYSTEM\usart\usart.c                  0x00000000   Number         0  usart.o ABSOLUTE
    ..\\CORE\\core_cm3.c                     0x00000000   Number         0  core_cm3.o ABSOLUTE
    ..\\SYSTEM\\sys\\sys.c                   0x00000000   Number         0  sys.o ABSOLUTE
    dc.s                                     0x00000000   Number         0  dc.o ABSOLUTE
    handlers.s                               0x00000000   Number         0  handlers.o ABSOLUTE
    init.s                                   0x00000000   Number         0  init.o ABSOLUTE
    main.c                                   0x00000000   Number         0  main.o ABSOLUTE
    stm32f10x_it.c                           0x00000000   Number         0  stm32f10x_it.o ABSOLUTE
    system_stm32f10x.c                       0x00000000   Number         0  system_stm32f10x.o ABSOLUTE
    RESET                                    0x08000000   Section      304  startup_stm32f10x_hd.o(RESET)
    .ARM.Collect$$$$00000000                 0x08000130   Section        0  entry.o(.ARM.Collect$$$$00000000)
    .ARM.Collect$$$$00000001                 0x08000130   Section        4  entry2.o(.ARM.Collect$$$$00000001)
    .ARM.Collect$$$$00000004                 0x08000134   Section        4  entry5.o(.ARM.Collect$$$$00000004)
    .ARM.Collect$$$$00000008                 0x08000138   Section        0  entry7b.o(.ARM.Collect$$$$00000008)
    .ARM.Collect$$$$0000000A                 0x08000138   Section        0  entry8b.o(.ARM.Collect$$$$0000000A)
    .ARM.Collect$$$$0000000B                 0x08000138   Section        8  entry9a.o(.ARM.Collect$$$$0000000B)
    .ARM.Collect$$$$0000000D                 0x08000140   Section        0  entry10a.o(.ARM.Collect$$$$0000000D)
    .ARM.Collect$$$$0000000F                 0x08000140   Section        0  entry11a.o(.ARM.Collect$$$$0000000F)
    .ARM.Collect$$$$00002712                 0x08000140   Section        4  entry2.o(.ARM.Collect$$$$00002712)
    __lit__00000000                          0x08000140   Data           4  entry2.o(.ARM.Collect$$$$00002712)
    .text                                    0x08000144   Section       36  startup_stm32f10x_hd.o(.text)
    .text                                    0x08000168   Section        0  fadd.o(.text)
    .text                                    0x08000218   Section        0  fmul.o(.text)
    .text                                    0x0800027c   Section        0  fdiv.o(.text)
    .text                                    0x080002f8   Section        0  dadd.o(.text)
    .text                                    0x08000446   Section        0  dmul.o(.text)
    .text                                    0x0800052a   Section        0  ddiv.o(.text)
    .text                                    0x08000608   Section        0  fflti.o(.text)
    .text                                    0x0800061a   Section        0  dflti.o(.text)
    .text                                    0x0800063c   Section        0  f2d.o(.text)
    .text                                    0x08000662   Section        0  d2f.o(.text)
    .text                                    0x0800069a   Section        0  llshl.o(.text)
    .text                                    0x080006b8   Section        0  llsshr.o(.text)
    .text                                    0x080006dc   Section        0  iusefp.o(.text)
    .text                                    0x080006dc   Section        0  fepilogue.o(.text)
    .text                                    0x0800074a   Section        0  depilogue.o(.text)
    .text                                    0x08000804   Section       36  init.o(.text)
    .text                                    0x08000828   Section        0  llushr.o(.text)
    .text                                    0x08000848   Section        0  dscalb.o(.text)
    .text                                    0x08000876   Section        0  __dczerorl2.o(.text)
    i.BusFault_Handler                       0x080008cc   Section        0  stm32f10x_it.o(i.BusFault_Handler)
    i.DebugMon_Handler                       0x080008d0   Section        0  stm32f10x_it.o(i.DebugMon_Handler)
    i.GPIO_Init                              0x080008d2   Section        0  stm32f10x_gpio.o(i.GPIO_Init)
    i.GPIO_SetBits                           0x080009e8   Section        0  stm32f10x_gpio.o(i.GPIO_SetBits)
    i.HardFault_Handler                      0x080009ec   Section        0  stm32f10x_it.o(i.HardFault_Handler)
    i.Kalman_Filter                          0x080009f0   Section        0  main.o(i.Kalman_Filter)
    i.Kalman_Filter2                         0x08000ca0   Section        0  main.o(i.Kalman_Filter2)
    i.Kalman_Filter4                         0x08000f50   Section        0  main.o(i.Kalman_Filter4)
    i.MPU_Get_Accelerometer                  0x08001200   Section        0  main.o(i.MPU_Get_Accelerometer)
    i.MPU_Get_Accelerometer2                 0x08001250   Section        0  main.o(i.MPU_Get_Accelerometer2)
    i.MPU_Get_Accelerometer4                 0x080012a0   Section        0  main.o(i.MPU_Get_Accelerometer4)
    i.MPU_Get_Gyroscope                      0x080012f0   Section        0  main.o(i.MPU_Get_Gyroscope)
    i.MPU_Get_Gyroscope2                     0x08001340   Section        0  main.o(i.MPU_Get_Gyroscope2)
    i.MPU_Get_Gyroscope4                     0x08001390   Section        0  main.o(i.MPU_Get_Gyroscope4)
    i.MPU_IIC_Ack                            0x080013e0   Section        0  main.o(i.MPU_IIC_Ack)
    i.MPU_IIC_Ack2                           0x0800142c   Section        0  main.o(i.MPU_IIC_Ack2)
    i.MPU_IIC_Ack4                           0x08001478   Section        0  main.o(i.MPU_IIC_Ack4)
    i.MPU_IIC_Delay                          0x080014c4   Section        0  main.o(i.MPU_IIC_Delay)
    i.MPU_IIC_Delay2                         0x080014ce   Section        0  main.o(i.MPU_IIC_Delay2)
    i.MPU_IIC_Delay4                         0x080014d8   Section        0  main.o(i.MPU_IIC_Delay4)
    i.MPU_IIC_Init                           0x080014e4   Section        0  main.o(i.MPU_IIC_Init)
    i.MPU_IIC_NAck                           0x0800151c   Section        0  main.o(i.MPU_IIC_NAck)
    i.MPU_IIC_NAck2                          0x08001568   Section        0  main.o(i.MPU_IIC_NAck2)
    i.MPU_IIC_NAck4                          0x080015b4   Section        0  main.o(i.MPU_IIC_NAck4)
    i.MPU_IIC_Read_Byte                      0x08001600   Section        0  main.o(i.MPU_IIC_Read_Byte)
    i.MPU_IIC_Read_Byte2                     0x0800166c   Section        0  main.o(i.MPU_IIC_Read_Byte2)
    i.MPU_IIC_Read_Byte4                     0x080016d8   Section        0  main.o(i.MPU_IIC_Read_Byte4)
    i.MPU_IIC_Send_Byte                      0x08001744   Section        0  main.o(i.MPU_IIC_Send_Byte)
    i.MPU_IIC_Send_Byte2                     0x080017a0   Section        0  main.o(i.MPU_IIC_Send_Byte2)
    i.MPU_IIC_Send_Byte4                     0x080017fc   Section        0  main.o(i.MPU_IIC_Send_Byte4)
    i.MPU_IIC_Start                          0x08001858   Section        0  main.o(i.MPU_IIC_Start)
    i.MPU_IIC_Start2                         0x080018a0   Section        0  main.o(i.MPU_IIC_Start2)
    i.MPU_IIC_Start4                         0x080018e8   Section        0  main.o(i.MPU_IIC_Start4)
    i.MPU_IIC_Stop                           0x08001930   Section        0  main.o(i.MPU_IIC_Stop)
    i.MPU_IIC_Stop2                          0x08001978   Section        0  main.o(i.MPU_IIC_Stop2)
    i.MPU_IIC_Stop4                          0x080019c0   Section        0  main.o(i.MPU_IIC_Stop4)
    i.MPU_IIC_Wait_Ack                       0x08001a08   Section        0  main.o(i.MPU_IIC_Wait_Ack)
    i.MPU_IIC_Wait_Ack2                      0x08001a6c   Section        0  main.o(i.MPU_IIC_Wait_Ack2)
    i.MPU_IIC_Wait_Ack4                      0x08001ad0   Section        0  main.o(i.MPU_IIC_Wait_Ack4)
    i.MPU_Init                               0x08001b34   Section        0  main.o(i.MPU_Init)
    i.MPU_Init2                              0x08001baa   Section        0  main.o(i.MPU_Init2)
    i.MPU_Init4                              0x08001c20   Section        0  main.o(i.MPU_Init4)
    i.MPU_Read_Byte                          0x08001c96   Section        0  main.o(i.MPU_Read_Byte)
    i.MPU_Read_Byte2                         0x08001cd0   Section        0  main.o(i.MPU_Read_Byte2)
    i.MPU_Read_Byte4                         0x08001d0a   Section        0  main.o(i.MPU_Read_Byte4)
    i.MPU_Read_Len                           0x08001d44   Section        0  main.o(i.MPU_Read_Len)
    i.MPU_Read_Len2                          0x08001db8   Section        0  main.o(i.MPU_Read_Len2)
    i.MPU_Read_Len4                          0x08001e2c   Section        0  main.o(i.MPU_Read_Len4)
    i.MPU_Set_Accel_Fsr                      0x08001ea0   Section        0  main.o(i.MPU_Set_Accel_Fsr)
    i.MPU_Set_Accel_Fsr2                     0x08001eb0   Section        0  main.o(i.MPU_Set_Accel_Fsr2)
    i.MPU_Set_Accel_Fsr4                     0x08001ec0   Section        0  main.o(i.MPU_Set_Accel_Fsr4)
    i.MPU_Set_Gyro_Fsr                       0x08001ed0   Section        0  main.o(i.MPU_Set_Gyro_Fsr)
    i.MPU_Set_Gyro_Fsr2                      0x08001ee0   Section        0  main.o(i.MPU_Set_Gyro_Fsr2)
    i.MPU_Set_Gyro_Fsr4                      0x08001ef0   Section        0  main.o(i.MPU_Set_Gyro_Fsr4)
    i.MPU_Set_LPF                            0x08001f00   Section        0  main.o(i.MPU_Set_LPF)
    i.MPU_Set_LPF2                           0x08001f3a   Section        0  main.o(i.MPU_Set_LPF2)
    i.MPU_Set_LPF4                           0x08001f74   Section        0  main.o(i.MPU_Set_LPF4)
    i.MPU_Set_Rate                           0x08001fae   Section        0  main.o(i.MPU_Set_Rate)
    i.MPU_Set_Rate2                          0x08001fe8   Section        0  main.o(i.MPU_Set_Rate2)
    i.MPU_Set_Rate4                          0x08002022   Section        0  main.o(i.MPU_Set_Rate4)
    i.MPU_Write_Byte                         0x0800205c   Section        0  main.o(i.MPU_Write_Byte)
    i.MPU_Write_Byte2                        0x080020a0   Section        0  main.o(i.MPU_Write_Byte2)
    i.MPU_Write_Byte4                        0x080020e4   Section        0  main.o(i.MPU_Write_Byte4)
    i.MemManage_Handler                      0x08002128   Section        0  stm32f10x_it.o(i.MemManage_Handler)
    i.NMI_Handler                            0x0800212c   Section        0  stm32f10x_it.o(i.NMI_Handler)
    i.NVIC_Init                              0x08002130   Section        0  misc.o(i.NVIC_Init)
    i.NVIC_PriorityGroupConfig               0x080021a0   Section        0  misc.o(i.NVIC_PriorityGroupConfig)
    i.PendSV_Handler                         0x080021b4   Section        0  stm32f10x_it.o(i.PendSV_Handler)
    i.RCC_APB2PeriphClockCmd                 0x080021b8   Section        0  stm32f10x_rcc.o(i.RCC_APB2PeriphClockCmd)
    i.RCC_GetClocksFreq                      0x080021d8   Section        0  stm32f10x_rcc.o(i.RCC_GetClocksFreq)
    i.SVC_Handler                            0x080022ac   Section        0  stm32f10x_it.o(i.SVC_Handler)
    i.SetSysClock                            0x080022ae   Section        0  system_stm32f10x.o(i.SetSysClock)
    SetSysClock                              0x080022af   Thumb Code     8  system_stm32f10x.o(i.SetSysClock)
    i.SetSysClockTo72                        0x080022b8   Section        0  system_stm32f10x.o(i.SetSysClockTo72)
    SetSysClockTo72                          0x080022b9   Thumb Code   214  system_stm32f10x.o(i.SetSysClockTo72)
    i.SysTick_CLKSourceConfig                0x08002398   Section        0  misc.o(i.SysTick_CLKSourceConfig)
    i.SysTick_Handler                        0x080023c0   Section        0  stm32f10x_it.o(i.SysTick_Handler)
    i.SystemInit                             0x080023c4   Section        0  system_stm32f10x.o(i.SystemInit)
    i.USART1_IRQHandler                      0x08002424   Section        0  usart.o(i.USART1_IRQHandler)
    i.USART_Cmd                              0x080024ac   Section        0  stm32f10x_usart.o(i.USART_Cmd)
    i.USART_GetFlagStatus                    0x080024c4   Section        0  stm32f10x_usart.o(i.USART_GetFlagStatus)
    i.USART_GetITStatus                      0x080024de   Section        0  stm32f10x_usart.o(i.USART_GetITStatus)
    i.USART_ITConfig                         0x08002532   Section        0  stm32f10x_usart.o(i.USART_ITConfig)
    i.USART_Init                             0x0800257c   Section        0  stm32f10x_usart.o(i.USART_Init)
    i.USART_ReceiveData                      0x08002654   Section        0  stm32f10x_usart.o(i.USART_ReceiveData)
    i.USART_SendData                         0x0800265e   Section        0  stm32f10x_usart.o(i.USART_SendData)
    i.UsageFault_Handler                     0x08002666   Section        0  stm32f10x_it.o(i.UsageFault_Handler)
    i.__ARM_fpclassify                       0x0800266a   Section        0  fpclassify.o(i.__ARM_fpclassify)
    i.__kernel_poly                          0x08002692   Section        0  poly.o(i.__kernel_poly)
    i.__mathlib_dbl_infnan                   0x0800273c   Section        0  dunder.o(i.__mathlib_dbl_infnan)
    i.__mathlib_dbl_infnan2                  0x08002742   Section        0  dunder.o(i.__mathlib_dbl_infnan2)
    i.__mathlib_dbl_underflow                0x08002748   Section        0  dunder.o(i.__mathlib_dbl_underflow)
    i.__scatterload_copy                     0x08002758   Section       14  handlers.o(i.__scatterload_copy)
    i.__scatterload_null                     0x08002766   Section        2  handlers.o(i.__scatterload_null)
    i.__scatterload_zeroinit                 0x08002768   Section       14  handlers.o(i.__scatterload_zeroinit)
    i.atan                                   0x08002778   Section        0  atan.o(i.atan)
    i.atan2                                  0x08002998   Section        0  atan2.o(i.atan2)
    i.delay_init                             0x08002b18   Section        0  delay.o(i.delay_init)
    i.delay_ms                               0x08002b5c   Section        0  delay.o(i.delay_ms)
    i.delay_us                               0x08002ba8   Section        0  delay.o(i.delay_us)
    i.main                                   0x08002bf4   Section        0  main.o(i.main)
    i.uart_init                              0x08002e64   Section        0  usart.o(i.uart_init)
    i.usart1_send_char                       0x08002f04   Section        0  main.o(i.usart1_send_char)
    .constdata                               0x08002f28   Section      152  atan.o(.constdata)
    atanhi                                   0x08002f28   Data          32  atan.o(.constdata)
    atanlo                                   0x08002f48   Data          32  atan.o(.constdata)
    aTodd                                    0x08002f68   Data          40  atan.o(.constdata)
    aTeven                                   0x08002f90   Data          48  atan.o(.constdata)
    .constdata                               0x08002fc0   Section        8  qnan.o(.constdata)
    .data                                    0x20000000   Section      264  main.o(.data)
    .data                                    0x20000108   Section       20  system_stm32f10x.o(.data)
    .data                                    0x2000011c   Section        4  delay.o(.data)
    fac_us                                   0x2000011c   Data           1  delay.o(.data)
    fac_ms                                   0x2000011e   Data           2  delay.o(.data)
    .data                                    0x20000120   Section        6  usart.o(.data)
    .data                                    0x20000126   Section       20  stm32f10x_rcc.o(.data)
    APBAHBPrescTable                         0x20000126   Data          16  stm32f10x_rcc.o(.data)
    ADCPrescTable                            0x20000136   Data           4  stm32f10x_rcc.o(.data)
    .bss                                     0x2000013c   Section       48  main.o(.bss)
    .bss                                     0x2000016c   Section      200  usart.o(.bss)
    STACK                                    0x20000238   Section     1024  startup_stm32f10x_hd.o(STACK)

    Global Symbols

    Symbol Name                              Value     Ov Type        Size  Object(Section)

    BuildAttributes$$THM_ISAv4$P$D$K$B$S$PE$A:L22UL41UL21$X:L11$S22US41US21$IEEE1$IW$USESV6$~STKCKD$USESV7$~SHL$OTIME$ROPI$IEEEX$EBA8$MICROLIB$REQ8$PRES8$EABIv2 0x00000000   Number         0  anon$$obj.o ABSOLUTE
    __ARM_use_no_argv                        0x00000000   Number         0  main.o ABSOLUTE
    __use_no_errno                           0x00000000   Number         0  useno.o ABSOLUTE
    __use_no_exception_handling              0x00000000   Number         0  useno.o ABSOLUTE
    __use_no_fp                              0x00000000   Number         0  useno.o ABSOLUTE
    __use_no_heap                            0x00000000   Number         0  useno.o ABSOLUTE
    __use_no_heap_region                     0x00000000   Number         0  useno.o ABSOLUTE
    __use_no_semihosting                     0x00000000   Number         0  useno.o ABSOLUTE
    __use_no_semihosting_swi                 0x00000000   Number         0  useno.o ABSOLUTE
    __use_no_signal_handling                 0x00000000   Number         0  useno.o ABSOLUTE
    __cpp_initialize__aeabi_                  - Undefined Weak Reference
    __cxa_finalize                            - Undefined Weak Reference
    _clock_init                               - Undefined Weak Reference
    _microlib_exit                            - Undefined Weak Reference
    __Vectors_Size                           0x00000130   Number         0  startup_stm32f10x_hd.o ABSOLUTE
    __Vectors                                0x08000000   Data           4  startup_stm32f10x_hd.o(RESET)
    __Vectors_End                            0x08000130   Data           0  startup_stm32f10x_hd.o(RESET)
    __main                                   0x08000131   Thumb Code     0  entry.o(.ARM.Collect$$$$00000000)
    _main_stk                                0x08000131   Thumb Code     0  entry2.o(.ARM.Collect$$$$00000001)
    _main_scatterload                        0x08000135   Thumb Code     0  entry5.o(.ARM.Collect$$$$00000004)
    __main_after_scatterload                 0x08000139   Thumb Code     0  entry5.o(.ARM.Collect$$$$00000004)
    _main_clock                              0x08000139   Thumb Code     0  entry7b.o(.ARM.Collect$$$$00000008)
    _main_cpp_init                           0x08000139   Thumb Code     0  entry8b.o(.ARM.Collect$$$$0000000A)
    _main_init                               0x08000139   Thumb Code     0  entry9a.o(.ARM.Collect$$$$0000000B)
    __rt_final_cpp                           0x08000141   Thumb Code     0  entry10a.o(.ARM.Collect$$$$0000000D)
    __rt_final_exit                          0x08000141   Thumb Code     0  entry11a.o(.ARM.Collect$$$$0000000F)
    Reset_Handler                            0x08000145   Thumb Code     8  startup_stm32f10x_hd.o(.text)
    ADC1_2_IRQHandler                        0x0800015f   Thumb Code     0  startup_stm32f10x_hd.o(.text)
    ADC3_IRQHandler                          0x0800015f   Thumb Code     0  startup_stm32f10x_hd.o(.text)
    CAN1_RX1_IRQHandler                      0x0800015f   Thumb Code     0  startup_stm32f10x_hd.o(.text)
    CAN1_SCE_IRQHandler                      0x0800015f   Thumb Code     0  startup_stm32f10x_hd.o(.text)
    DMA1_Channel1_IRQHandler                 0x0800015f   Thumb Code     0  startup_stm32f10x_hd.o(.text)
    DMA1_Channel2_IRQHandler                 0x0800015f   Thumb Code     0  startup_stm32f10x_hd.o(.text)
    DMA1_Channel3_IRQHandler                 0x0800015f   Thumb Code     0  startup_stm32f10x_hd.o(.text)
    DMA1_Channel4_IRQHandler                 0x0800015f   Thumb Code     0  startup_stm32f10x_hd.o(.text)
    DMA1_Channel5_IRQHandler                 0x0800015f   Thumb Code     0  startup_stm32f10x_hd.o(.text)
    DMA1_Channel6_IRQHandler                 0x0800015f   Thumb Code     0  startup_stm32f10x_hd.o(.text)
    DMA1_Channel7_IRQHandler                 0x0800015f   Thumb Code     0  startup_stm32f10x_hd.o(.text)
    DMA2_Channel1_IRQHandler                 0x0800015f   Thumb Code     0  startup_stm32f10x_hd.o(.text)
    DMA2_Channel2_IRQHandler                 0x0800015f   Thumb Code     0  startup_stm32f10x_hd.o(.text)
    DMA2_Channel3_IRQHandler                 0x0800015f   Thumb Code     0  startup_stm32f10x_hd.o(.text)
    DMA2_Channel4_5_IRQHandler               0x0800015f   Thumb Code     0  startup_stm32f10x_hd.o(.text)
    EXTI0_IRQHandler                         0x0800015f   Thumb Code     0  startup_stm32f10x_hd.o(.text)
    EXTI15_10_IRQHandler                     0x0800015f   Thumb Code     0  startup_stm32f10x_hd.o(.text)
    EXTI1_IRQHandler                         0x0800015f   Thumb Code     0  startup_stm32f10x_hd.o(.text)
    EXTI2_IRQHandler                         0x0800015f   Thumb Code     0  startup_stm32f10x_hd.o(.text)
    EXTI3_IRQHandler                         0x0800015f   Thumb Code     0  startup_stm32f10x_hd.o(.text)
    EXTI4_IRQHandler                         0x0800015f   Thumb Code     0  startup_stm32f10x_hd.o(.text)
    EXTI9_5_IRQHandler                       0x0800015f   Thumb Code     0  startup_stm32f10x_hd.o(.text)
    FLASH_IRQHandler                         0x0800015f   Thumb Code     0  startup_stm32f10x_hd.o(.text)
    FSMC_IRQHandler                          0x0800015f   Thumb Code     0  startup_stm32f10x_hd.o(.text)
    I2C1_ER_IRQHandler                       0x0800015f   Thumb Code     0  startup_stm32f10x_hd.o(.text)
    I2C1_EV_IRQHandler                       0x0800015f   Thumb Code     0  startup_stm32f10x_hd.o(.text)
    I2C2_ER_IRQHandler                       0x0800015f   Thumb Code     0  startup_stm32f10x_hd.o(.text)
    I2C2_EV_IRQHandler                       0x0800015f   Thumb Code     0  startup_stm32f10x_hd.o(.text)
    PVD_IRQHandler                           0x0800015f   Thumb Code     0  startup_stm32f10x_hd.o(.text)
    RCC_IRQHandler                           0x0800015f   Thumb Code     0  startup_stm32f10x_hd.o(.text)
    RTCAlarm_IRQHandler                      0x0800015f   Thumb Code     0  startup_stm32f10x_hd.o(.text)
    RTC_IRQHandler                           0x0800015f   Thumb Code     0  startup_stm32f10x_hd.o(.text)
    SDIO_IRQHandler                          0x0800015f   Thumb Code     0  startup_stm32f10x_hd.o(.text)
    SPI1_IRQHandler                          0x0800015f   Thumb Code     0  startup_stm32f10x_hd.o(.text)
    SPI2_IRQHandler                          0x0800015f   Thumb Code     0  startup_stm32f10x_hd.o(.text)
    SPI3_IRQHandler                          0x0800015f   Thumb Code     0  startup_stm32f10x_hd.o(.text)
    TAMPER_IRQHandler                        0x0800015f   Thumb Code     0  startup_stm32f10x_hd.o(.text)
    TIM1_BRK_IRQHandler                      0x0800015f   Thumb Code     0  startup_stm32f10x_hd.o(.text)
    TIM1_CC_IRQHandler                       0x0800015f   Thumb Code     0  startup_stm32f10x_hd.o(.text)
    TIM1_TRG_COM_IRQHandler                  0x0800015f   Thumb Code     0  startup_stm32f10x_hd.o(.text)
    TIM1_UP_IRQHandler                       0x0800015f   Thumb Code     0  startup_stm32f10x_hd.o(.text)
    TIM2_IRQHandler                          0x0800015f   Thumb Code     0  startup_stm32f10x_hd.o(.text)
    TIM3_IRQHandler                          0x0800015f   Thumb Code     0  startup_stm32f10x_hd.o(.text)
    TIM4_IRQHandler                          0x0800015f   Thumb Code     0  startup_stm32f10x_hd.o(.text)
    TIM5_IRQHandler                          0x0800015f   Thumb Code     0  startup_stm32f10x_hd.o(.text)
    TIM6_IRQHandler                          0x0800015f   Thumb Code     0  startup_stm32f10x_hd.o(.text)
    TIM7_IRQHandler                          0x0800015f   Thumb Code     0  startup_stm32f10x_hd.o(.text)
    TIM8_BRK_IRQHandler                      0x0800015f   Thumb Code     0  startup_stm32f10x_hd.o(.text)
    TIM8_CC_IRQHandler                       0x0800015f   Thumb Code     0  startup_stm32f10x_hd.o(.text)
    TIM8_TRG_COM_IRQHandler                  0x0800015f   Thumb Code     0  startup_stm32f10x_hd.o(.text)
    TIM8_UP_IRQHandler                       0x0800015f   Thumb Code     0  startup_stm32f10x_hd.o(.text)
    UART4_IRQHandler                         0x0800015f   Thumb Code     0  startup_stm32f10x_hd.o(.text)
    UART5_IRQHandler                         0x0800015f   Thumb Code     0  startup_stm32f10x_hd.o(.text)
    USART2_IRQHandler                        0x0800015f   Thumb Code     0  startup_stm32f10x_hd.o(.text)
    USART3_IRQHandler                        0x0800015f   Thumb Code     0  startup_stm32f10x_hd.o(.text)
    USBWakeUp_IRQHandler                     0x0800015f   Thumb Code     0  startup_stm32f10x_hd.o(.text)
    USB_HP_CAN1_TX_IRQHandler                0x0800015f   Thumb Code     0  startup_stm32f10x_hd.o(.text)
    USB_LP_CAN1_RX0_IRQHandler               0x0800015f   Thumb Code     0  startup_stm32f10x_hd.o(.text)
    WWDG_IRQHandler                          0x0800015f   Thumb Code     0  startup_stm32f10x_hd.o(.text)
    __aeabi_fadd                             0x08000169   Thumb Code   164  fadd.o(.text)
    __aeabi_fsub                             0x0800020d   Thumb Code     6  fadd.o(.text)
    __aeabi_frsub                            0x08000213   Thumb Code     6  fadd.o(.text)
    __aeabi_fmul                             0x08000219   Thumb Code   100  fmul.o(.text)
    __aeabi_fdiv                             0x0800027d   Thumb Code   124  fdiv.o(.text)
    __aeabi_dadd                             0x080002f9   Thumb Code   322  dadd.o(.text)
    __aeabi_dsub                             0x0800043b   Thumb Code     6  dadd.o(.text)
    __aeabi_drsub                            0x08000441   Thumb Code     6  dadd.o(.text)
    __aeabi_dmul                             0x08000447   Thumb Code   228  dmul.o(.text)
    __aeabi_ddiv                             0x0800052b   Thumb Code   222  ddiv.o(.text)
    __aeabi_i2f                              0x08000609   Thumb Code    18  fflti.o(.text)
    __aeabi_i2d                              0x0800061b   Thumb Code    34  dflti.o(.text)
    __aeabi_f2d                              0x0800063d   Thumb Code    38  f2d.o(.text)
    __aeabi_d2f                              0x08000663   Thumb Code    56  d2f.o(.text)
    __aeabi_llsl                             0x0800069b   Thumb Code    30  llshl.o(.text)
    _ll_shift_l                              0x0800069b   Thumb Code     0  llshl.o(.text)
    __aeabi_lasr                             0x080006b9   Thumb Code    36  llsshr.o(.text)
    _ll_sshift_r                             0x080006b9   Thumb Code     0  llsshr.o(.text)
    __I$use$fp                               0x080006dd   Thumb Code     0  iusefp.o(.text)
    _float_round                             0x080006dd   Thumb Code    18  fepilogue.o(.text)
    _float_epilogue                          0x080006ef   Thumb Code    92  fepilogue.o(.text)
    _double_round                            0x0800074b   Thumb Code    30  depilogue.o(.text)
    _double_epilogue                         0x08000769   Thumb Code   156  depilogue.o(.text)
    __scatterload                            0x08000805   Thumb Code    28  init.o(.text)
    __scatterload_rt2                        0x08000805   Thumb Code     0  init.o(.text)
    __aeabi_llsr                             0x08000829   Thumb Code    32  llushr.o(.text)
    _ll_ushift_r                             0x08000829   Thumb Code     0  llushr.o(.text)
    __ARM_scalbn                             0x08000849   Thumb Code    46  dscalb.o(.text)
    scalbn                                   0x08000849   Thumb Code     0  dscalb.o(.text)
    __decompress                             0x08000877   Thumb Code     0  __dczerorl2.o(.text)
    __decompress1                            0x08000877   Thumb Code    86  __dczerorl2.o(.text)
    BusFault_Handler                         0x080008cd   Thumb Code     4  stm32f10x_it.o(i.BusFault_Handler)
    DebugMon_Handler                         0x080008d1   Thumb Code     2  stm32f10x_it.o(i.DebugMon_Handler)
    GPIO_Init                                0x080008d3   Thumb Code   278  stm32f10x_gpio.o(i.GPIO_Init)
    GPIO_SetBits                             0x080009e9   Thumb Code     4  stm32f10x_gpio.o(i.GPIO_SetBits)
    HardFault_Handler                        0x080009ed   Thumb Code     4  stm32f10x_it.o(i.HardFault_Handler)
    Kalman_Filter                            0x080009f1   Thumb Code   610  main.o(i.Kalman_Filter)
    Kalman_Filter2                           0x08000ca1   Thumb Code   610  main.o(i.Kalman_Filter2)
    Kalman_Filter4                           0x08000f51   Thumb Code   610  main.o(i.Kalman_Filter4)
    MPU_Get_Accelerometer                    0x08001201   Thumb Code    80  main.o(i.MPU_Get_Accelerometer)
    MPU_Get_Accelerometer2                   0x08001251   Thumb Code    80  main.o(i.MPU_Get_Accelerometer2)
    MPU_Get_Accelerometer4                   0x080012a1   Thumb Code    80  main.o(i.MPU_Get_Accelerometer4)
    MPU_Get_Gyroscope                        0x080012f1   Thumb Code    80  main.o(i.MPU_Get_Gyroscope)
    MPU_Get_Gyroscope2                       0x08001341   Thumb Code    80  main.o(i.MPU_Get_Gyroscope2)
    MPU_Get_Gyroscope4                       0x08001391   Thumb Code    80  main.o(i.MPU_Get_Gyroscope4)
    MPU_IIC_Ack                              0x080013e1   Thumb Code    62  main.o(i.MPU_IIC_Ack)
    MPU_IIC_Ack2                             0x0800142d   Thumb Code    62  main.o(i.MPU_IIC_Ack2)
    MPU_IIC_Ack4                             0x08001479   Thumb Code    62  main.o(i.MPU_IIC_Ack4)
    MPU_IIC_Delay                            0x080014c5   Thumb Code    10  main.o(i.MPU_IIC_Delay)
    MPU_IIC_Delay2                           0x080014cf   Thumb Code    10  main.o(i.MPU_IIC_Delay2)
    MPU_IIC_Delay4                           0x080014d9   Thumb Code    10  main.o(i.MPU_IIC_Delay4)
    MPU_IIC_Init                             0x080014e5   Thumb Code    50  main.o(i.MPU_IIC_Init)
    MPU_IIC_NAck                             0x0800151d   Thumb Code    62  main.o(i.MPU_IIC_NAck)
    MPU_IIC_NAck2                            0x08001569   Thumb Code    62  main.o(i.MPU_IIC_NAck2)
    MPU_IIC_NAck4                            0x080015b5   Thumb Code    62  main.o(i.MPU_IIC_NAck4)
    MPU_IIC_Read_Byte                        0x08001601   Thumb Code    94  main.o(i.MPU_IIC_Read_Byte)
    MPU_IIC_Read_Byte2                       0x0800166d   Thumb Code    94  main.o(i.MPU_IIC_Read_Byte2)
    MPU_IIC_Read_Byte4                       0x080016d9   Thumb Code    94  main.o(i.MPU_IIC_Read_Byte4)
    MPU_IIC_Send_Byte                        0x08001745   Thumb Code    80  main.o(i.MPU_IIC_Send_Byte)
    MPU_IIC_Send_Byte2                       0x080017a1   Thumb Code    80  main.o(i.MPU_IIC_Send_Byte2)
    MPU_IIC_Send_Byte4                       0x080017fd   Thumb Code    80  main.o(i.MPU_IIC_Send_Byte4)
    MPU_IIC_Start                            0x08001859   Thumb Code    60  main.o(i.MPU_IIC_Start)
    MPU_IIC_Start2                           0x080018a1   Thumb Code    60  main.o(i.MPU_IIC_Start2)
    MPU_IIC_Start4                           0x080018e9   Thumb Code    60  main.o(i.MPU_IIC_Start4)
    MPU_IIC_Stop                             0x08001931   Thumb Code    58  main.o(i.MPU_IIC_Stop)
    MPU_IIC_Stop2                            0x08001979   Thumb Code    58  main.o(i.MPU_IIC_Stop2)
    MPU_IIC_Stop4                            0x080019c1   Thumb Code    58  main.o(i.MPU_IIC_Stop4)
    MPU_IIC_Wait_Ack                         0x08001a09   Thumb Code    86  main.o(i.MPU_IIC_Wait_Ack)
    MPU_IIC_Wait_Ack2                        0x08001a6d   Thumb Code    86  main.o(i.MPU_IIC_Wait_Ack2)
    MPU_IIC_Wait_Ack4                        0x08001ad1   Thumb Code    86  main.o(i.MPU_IIC_Wait_Ack4)
    MPU_Init                                 0x08001b35   Thumb Code   118  main.o(i.MPU_Init)
    MPU_Init2                                0x08001bab   Thumb Code   118  main.o(i.MPU_Init2)
    MPU_Init4                                0x08001c21   Thumb Code   118  main.o(i.MPU_Init4)
    MPU_Read_Byte                            0x08001c97   Thumb Code    58  main.o(i.MPU_Read_Byte)
    MPU_Read_Byte2                           0x08001cd1   Thumb Code    58  main.o(i.MPU_Read_Byte2)
    MPU_Read_Byte4                           0x08001d0b   Thumb Code    58  main.o(i.MPU_Read_Byte4)
    MPU_Read_Len                             0x08001d45   Thumb Code   116  main.o(i.MPU_Read_Len)
    MPU_Read_Len2                            0x08001db9   Thumb Code   116  main.o(i.MPU_Read_Len2)
    MPU_Read_Len4                            0x08001e2d   Thumb Code   116  main.o(i.MPU_Read_Len4)
    MPU_Set_Accel_Fsr                        0x08001ea1   Thumb Code    16  main.o(i.MPU_Set_Accel_Fsr)
    MPU_Set_Accel_Fsr2                       0x08001eb1   Thumb Code    16  main.o(i.MPU_Set_Accel_Fsr2)
    MPU_Set_Accel_Fsr4                       0x08001ec1   Thumb Code    16  main.o(i.MPU_Set_Accel_Fsr4)
    MPU_Set_Gyro_Fsr                         0x08001ed1   Thumb Code    16  main.o(i.MPU_Set_Gyro_Fsr)
    MPU_Set_Gyro_Fsr2                        0x08001ee1   Thumb Code    16  main.o(i.MPU_Set_Gyro_Fsr2)
    MPU_Set_Gyro_Fsr4                        0x08001ef1   Thumb Code    16  main.o(i.MPU_Set_Gyro_Fsr4)
    MPU_Set_LPF                              0x08001f01   Thumb Code    58  main.o(i.MPU_Set_LPF)
    MPU_Set_LPF2                             0x08001f3b   Thumb Code    58  main.o(i.MPU_Set_LPF2)
    MPU_Set_LPF4                             0x08001f75   Thumb Code    58  main.o(i.MPU_Set_LPF4)
    MPU_Set_Rate                             0x08001faf   Thumb Code    58  main.o(i.MPU_Set_Rate)
    MPU_Set_Rate2                            0x08001fe9   Thumb Code    58  main.o(i.MPU_Set_Rate2)
    MPU_Set_Rate4                            0x08002023   Thumb Code    58  main.o(i.MPU_Set_Rate4)
    MPU_Write_Byte                           0x0800205d   Thumb Code    68  main.o(i.MPU_Write_Byte)
    MPU_Write_Byte2                          0x080020a1   Thumb Code    68  main.o(i.MPU_Write_Byte2)
    MPU_Write_Byte4                          0x080020e5   Thumb Code    68  main.o(i.MPU_Write_Byte4)
    MemManage_Handler                        0x08002129   Thumb Code     4  stm32f10x_it.o(i.MemManage_Handler)
    NMI_Handler                              0x0800212d   Thumb Code     2  stm32f10x_it.o(i.NMI_Handler)
    NVIC_Init                                0x08002131   Thumb Code   100  misc.o(i.NVIC_Init)
    NVIC_PriorityGroupConfig                 0x080021a1   Thumb Code    10  misc.o(i.NVIC_PriorityGroupConfig)
    PendSV_Handler                           0x080021b5   Thumb Code     2  stm32f10x_it.o(i.PendSV_Handler)
    RCC_APB2PeriphClockCmd                   0x080021b9   Thumb Code    26  stm32f10x_rcc.o(i.RCC_APB2PeriphClockCmd)
    RCC_GetClocksFreq                        0x080021d9   Thumb Code   192  stm32f10x_rcc.o(i.RCC_GetClocksFreq)
    SVC_Handler                              0x080022ad   Thumb Code     2  stm32f10x_it.o(i.SVC_Handler)
    SysTick_CLKSourceConfig                  0x08002399   Thumb Code    40  misc.o(i.SysTick_CLKSourceConfig)
    SysTick_Handler                          0x080023c1   Thumb Code     2  stm32f10x_it.o(i.SysTick_Handler)
    SystemInit                               0x080023c5   Thumb Code    78  system_stm32f10x.o(i.SystemInit)
    USART1_IRQHandler                        0x08002425   Thumb Code   122  usart.o(i.USART1_IRQHandler)
    USART_Cmd                                0x080024ad   Thumb Code    24  stm32f10x_usart.o(i.USART_Cmd)
    USART_GetFlagStatus                      0x080024c5   Thumb Code    26  stm32f10x_usart.o(i.USART_GetFlagStatus)
    USART_GetITStatus                        0x080024df   Thumb Code    84  stm32f10x_usart.o(i.USART_GetITStatus)
    USART_ITConfig                           0x08002533   Thumb Code    74  stm32f10x_usart.o(i.USART_ITConfig)
    USART_Init                               0x0800257d   Thumb Code   210  stm32f10x_usart.o(i.USART_Init)
    USART_ReceiveData                        0x08002655   Thumb Code    10  stm32f10x_usart.o(i.USART_ReceiveData)
    USART_SendData                           0x0800265f   Thumb Code     8  stm32f10x_usart.o(i.USART_SendData)
    UsageFault_Handler                       0x08002667   Thumb Code     4  stm32f10x_it.o(i.UsageFault_Handler)
    __ARM_fpclassify                         0x0800266b   Thumb Code    40  fpclassify.o(i.__ARM_fpclassify)
    __kernel_poly                            0x08002693   Thumb Code   170  poly.o(i.__kernel_poly)
    __mathlib_dbl_infnan                     0x0800273d   Thumb Code     6  dunder.o(i.__mathlib_dbl_infnan)
    __mathlib_dbl_infnan2                    0x08002743   Thumb Code     4  dunder.o(i.__mathlib_dbl_infnan2)
    __mathlib_dbl_underflow                  0x08002749   Thumb Code    10  dunder.o(i.__mathlib_dbl_underflow)
    __scatterload_copy                       0x08002759   Thumb Code    14  handlers.o(i.__scatterload_copy)
    __scatterload_null                       0x08002767   Thumb Code     2  handlers.o(i.__scatterload_null)
    __scatterload_zeroinit                   0x08002769   Thumb Code    14  handlers.o(i.__scatterload_zeroinit)
    atan                                     0x08002779   Thumb Code   474  atan.o(i.atan)
    atan2                                    0x08002999   Thumb Code   346  atan2.o(i.atan2)
    delay_init                               0x08002b19   Thumb Code    50  delay.o(i.delay_init)
    delay_ms                                 0x08002b5d   Thumb Code    72  delay.o(i.delay_ms)
    delay_us                                 0x08002ba9   Thumb Code    72  delay.o(i.delay_us)
    main                                     0x08002bf5   Thumb Code   594  main.o(i.main)
    uart_init                                0x08002e65   Thumb Code   152  usart.o(i.uart_init)
    usart1_send_char                         0x08002f05   Thumb Code    28  main.o(i.usart1_send_char)
    __mathlib_zero                           0x08002fc0   Data           8  qnan.o(.constdata)
    Region$$Table$$Base                      0x08002fc8   Number         0  anon$$obj.o(Region$$Table)
    Region$$Table$$Limit                     0x08002fe8   Number         0  anon$$obj.o(Region$$Table)
    dt                                       0x20000000   Data           4  main.o(.data)
    angle                                    0x20000004   Data           4  main.o(.data)
    angle_dot                                0x20000008   Data           4  main.o(.data)
    P                                        0x2000000c   Data          16  main.o(.data)
    Q_angle                                  0x2000001c   Data           4  main.o(.data)
    Q_gyro                                   0x20000020   Data           4  main.o(.data)
    R_angle                                  0x20000024   Data           4  main.o(.data)
    C_0                                      0x20000028   Data           4  main.o(.data)
    q_bias                                   0x2000002c   Data           4  main.o(.data)
    angle_err                                0x20000030   Data           4  main.o(.data)
    PCt_0                                    0x20000034   Data           4  main.o(.data)
    PCt_1                                    0x20000038   Data           4  main.o(.data)
    E                                        0x2000003c   Data           4  main.o(.data)
    K_0                                      0x20000040   Data           4  main.o(.data)
    K_1                                      0x20000044   Data           4  main.o(.data)
    t_0                                      0x20000048   Data           4  main.o(.data)
    t_1                                      0x2000004c   Data           4  main.o(.data)
    r1                                       0x20000050   Data           4  main.o(.data)
    t1                                       0x20000054   Data           4  main.o(.data)
    dt2                                      0x20000058   Data           4  main.o(.data)
    angle2                                   0x2000005c   Data           4  main.o(.data)
    angle_dot2                               0x20000060   Data           4  main.o(.data)
    P2                                       0x20000064   Data          16  main.o(.data)
    Q_angle2                                 0x20000074   Data           4  main.o(.data)
    Q_gyro2                                  0x20000078   Data           4  main.o(.data)
    R_angle2                                 0x2000007c   Data           4  main.o(.data)
    C_02                                     0x20000080   Data           4  main.o(.data)
    q_bias2                                  0x20000084   Data           4  main.o(.data)
    angle_err2                               0x20000088   Data           4  main.o(.data)
    PCt_02                                   0x2000008c   Data           4  main.o(.data)
    PCt_12                                   0x20000090   Data           4  main.o(.data)
    E2                                       0x20000094   Data           4  main.o(.data)
    K_02                                     0x20000098   Data           4  main.o(.data)
    K_12                                     0x2000009c   Data           4  main.o(.data)
    t_02                                     0x200000a0   Data           4  main.o(.data)
    t_12                                     0x200000a4   Data           4  main.o(.data)
    r12                                      0x200000a8   Data           4  main.o(.data)
    t12                                      0x200000ac   Data           4  main.o(.data)
    dt4                                      0x200000b0   Data           4  main.o(.data)
    angle4                                   0x200000b4   Data           4  main.o(.data)
    angle_dot4                               0x200000b8   Data           4  main.o(.data)
    P4                                       0x200000bc   Data          16  main.o(.data)
    Q_angle4                                 0x200000cc   Data           4  main.o(.data)
    Q_gyro4                                  0x200000d0   Data           4  main.o(.data)
    R_angle4                                 0x200000d4   Data           4  main.o(.data)
    C_04                                     0x200000d8   Data           4  main.o(.data)
    q_bias4                                  0x200000dc   Data           4  main.o(.data)
    angle_err4                               0x200000e0   Data           4  main.o(.data)
    PCt_04                                   0x200000e4   Data           4  main.o(.data)
    PCt_14                                   0x200000e8   Data           4  main.o(.data)
    E4                                       0x200000ec   Data           4  main.o(.data)
    K_04                                     0x200000f0   Data           4  main.o(.data)
    K_14                                     0x200000f4   Data           4  main.o(.data)
    t_04                                     0x200000f8   Data           4  main.o(.data)
    t_14                                     0x200000fc   Data           4  main.o(.data)
    r14                                      0x20000100   Data           4  main.o(.data)
    t14                                      0x20000104   Data           4  main.o(.data)
    SystemCoreClock                          0x20000108   Data           4  system_stm32f10x.o(.data)
    AHBPrescTable                            0x2000010c   Data          16  system_stm32f10x.o(.data)
    __stdout                                 0x20000120   Data           4  usart.o(.data)
    USART_RX_STA                             0x20000124   Data           2  usart.o(.data)
    Pdot                                     0x2000013c   Data          16  main.o(.bss)
    Pdot2                                    0x2000014c   Data          16  main.o(.bss)
    Pdot4                                    0x2000015c   Data          16  main.o(.bss)
    USART_RX_BUF                             0x2000016c   Data         200  usart.o(.bss)
    __initial_sp                             0x20000638   Data           0  startup_stm32f10x_hd.o(STACK)



==============================================================================

Memory Map of the image

  Image Entry point : 0x08000131

  Load Region LR_IROM1 (Base: 0x08000000, Size: 0x00003124, Max: 0x00080000, ABSOLUTE, COMPRESSED[0x00003018])

    Execution Region ER_IROM1 (Exec base: 0x08000000, Load base: 0x08000000, Size: 0x00002fe8, Max: 0x00080000, ABSOLUTE)

    Exec Addr    Load Addr    Size         Type   Attr      Idx    E Section Name        Object

    0x08000000   0x08000000   0x00000130   Data   RO          762    RESET               startup_stm32f10x_hd.o
    0x08000130   0x08000130   0x00000000   Code   RO         1973  * .ARM.Collect$$$$00000000  mc_w.l(entry.o)
    0x08000130   0x08000130   0x00000004   Code   RO         2023    .ARM.Collect$$$$00000001  mc_w.l(entry2.o)
    0x08000134   0x08000134   0x00000004   Code   RO         2026    .ARM.Collect$$$$00000004  mc_w.l(entry5.o)
    0x08000138   0x08000138   0x00000000   Code   RO         2028    .ARM.Collect$$$$00000008  mc_w.l(entry7b.o)
    0x08000138   0x08000138   0x00000000   Code   RO         2030    .ARM.Collect$$$$0000000A  mc_w.l(entry8b.o)
    0x08000138   0x08000138   0x00000008   Code   RO         2031    .ARM.Collect$$$$0000000B  mc_w.l(entry9a.o)
    0x08000140   0x08000140   0x00000000   Code   RO         2033    .ARM.Collect$$$$0000000D  mc_w.l(entry10a.o)
    0x08000140   0x08000140   0x00000000   Code   RO         2035    .ARM.Collect$$$$0000000F  mc_w.l(entry11a.o)
    0x08000140   0x08000140   0x00000004   Code   RO         2024    .ARM.Collect$$$$00002712  mc_w.l(entry2.o)
    0x08000144   0x08000144   0x00000024   Code   RO          763    .text               startup_stm32f10x_hd.o
    0x08000168   0x08000168   0x000000b0   Code   RO         1976    .text               mf_w.l(fadd.o)
    0x08000218   0x08000218   0x00000064   Code   RO         1978    .text               mf_w.l(fmul.o)
    0x0800027c   0x0800027c   0x0000007c   Code   RO         1980    .text               mf_w.l(fdiv.o)
    0x080002f8   0x080002f8   0x0000014e   Code   RO         1982    .text               mf_w.l(dadd.o)
    0x08000446   0x08000446   0x000000e4   Code   RO         1984    .text               mf_w.l(dmul.o)
    0x0800052a   0x0800052a   0x000000de   Code   RO         1986    .text               mf_w.l(ddiv.o)
    0x08000608   0x08000608   0x00000012   Code   RO         1988    .text               mf_w.l(fflti.o)
    0x0800061a   0x0800061a   0x00000022   Code   RO         1990    .text               mf_w.l(dflti.o)
    0x0800063c   0x0800063c   0x00000026   Code   RO         1994    .text               mf_w.l(f2d.o)
    0x08000662   0x08000662   0x00000038   Code   RO         1996    .text               mf_w.l(d2f.o)
    0x0800069a   0x0800069a   0x0000001e   Code   RO         2037    .text               mc_w.l(llshl.o)
    0x080006b8   0x080006b8   0x00000024   Code   RO         2039    .text               mc_w.l(llsshr.o)
    0x080006dc   0x080006dc   0x00000000   Code   RO         2048    .text               mc_w.l(iusefp.o)
    0x080006dc   0x080006dc   0x0000006e   Code   RO         2049    .text               mf_w.l(fepilogue.o)
    0x0800074a   0x0800074a   0x000000ba   Code   RO         2051    .text               mf_w.l(depilogue.o)
    0x08000804   0x08000804   0x00000024   Code   RO         2057    .text               mc_w.l(init.o)
    0x08000828   0x08000828   0x00000020   Code   RO         2059    .text               mc_w.l(llushr.o)
    0x08000848   0x08000848   0x0000002e   Code   RO         2061    .text               mf_w.l(dscalb.o)
    0x08000876   0x08000876   0x00000056   Code   RO         2071    .text               mc_w.l(__dczerorl2.o)
    0x080008cc   0x080008cc   0x00000004   Code   RO          531    i.BusFault_Handler  stm32f10x_it.o
    0x080008d0   0x080008d0   0x00000002   Code   RO          532    i.DebugMon_Handler  stm32f10x_it.o
    0x080008d2   0x080008d2   0x00000116   Code   RO          929    i.GPIO_Init         stm32f10x_gpio.o
    0x080009e8   0x080009e8   0x00000004   Code   RO          937    i.GPIO_SetBits      stm32f10x_gpio.o
    0x080009ec   0x080009ec   0x00000004   Code   RO          533    i.HardFault_Handler  stm32f10x_it.o
    0x080009f0   0x080009f0   0x000002b0   Code   RO            1    i.Kalman_Filter     main.o
    0x08000ca0   0x08000ca0   0x000002b0   Code   RO            2    i.Kalman_Filter2    main.o
    0x08000f50   0x08000f50   0x000002b0   Code   RO            3    i.Kalman_Filter4    main.o
    0x08001200   0x08001200   0x00000050   Code   RO            4    i.MPU_Get_Accelerometer  main.o
    0x08001250   0x08001250   0x00000050   Code   RO            5    i.MPU_Get_Accelerometer2  main.o
    0x080012a0   0x080012a0   0x00000050   Code   RO            6    i.MPU_Get_Accelerometer4  main.o
    0x080012f0   0x080012f0   0x00000050   Code   RO            7    i.MPU_Get_Gyroscope  main.o
    0x08001340   0x08001340   0x00000050   Code   RO            8    i.MPU_Get_Gyroscope2  main.o
    0x08001390   0x08001390   0x00000050   Code   RO            9    i.MPU_Get_Gyroscope4  main.o
    0x080013e0   0x080013e0   0x0000004c   Code   RO           13    i.MPU_IIC_Ack       main.o
    0x0800142c   0x0800142c   0x0000004c   Code   RO           14    i.MPU_IIC_Ack2      main.o
    0x08001478   0x08001478   0x0000004c   Code   RO           15    i.MPU_IIC_Ack4      main.o
    0x080014c4   0x080014c4   0x0000000a   Code   RO           16    i.MPU_IIC_Delay     main.o
    0x080014ce   0x080014ce   0x0000000a   Code   RO           17    i.MPU_IIC_Delay2    main.o
    0x080014d8   0x080014d8   0x0000000a   Code   RO           18    i.MPU_IIC_Delay4    main.o
    0x080014e2   0x080014e2   0x00000002   PAD
    0x080014e4   0x080014e4   0x00000038   Code   RO           19    i.MPU_IIC_Init      main.o
    0x0800151c   0x0800151c   0x0000004c   Code   RO           20    i.MPU_IIC_NAck      main.o
    0x08001568   0x08001568   0x0000004c   Code   RO           21    i.MPU_IIC_NAck2     main.o
    0x080015b4   0x080015b4   0x0000004c   Code   RO           22    i.MPU_IIC_NAck4     main.o
    0x08001600   0x08001600   0x0000006c   Code   RO           23    i.MPU_IIC_Read_Byte  main.o
    0x0800166c   0x0800166c   0x0000006c   Code   RO           24    i.MPU_IIC_Read_Byte2  main.o
    0x080016d8   0x080016d8   0x0000006c   Code   RO           25    i.MPU_IIC_Read_Byte4  main.o
    0x08001744   0x08001744   0x0000005c   Code   RO           26    i.MPU_IIC_Send_Byte  main.o
    0x080017a0   0x080017a0   0x0000005c   Code   RO           27    i.MPU_IIC_Send_Byte2  main.o
    0x080017fc   0x080017fc   0x0000005c   Code   RO           28    i.MPU_IIC_Send_Byte4  main.o
    0x08001858   0x08001858   0x00000048   Code   RO           29    i.MPU_IIC_Start     main.o
    0x080018a0   0x080018a0   0x00000048   Code   RO           30    i.MPU_IIC_Start2    main.o
    0x080018e8   0x080018e8   0x00000048   Code   RO           31    i.MPU_IIC_Start4    main.o
    0x08001930   0x08001930   0x00000048   Code   RO           32    i.MPU_IIC_Stop      main.o
    0x08001978   0x08001978   0x00000048   Code   RO           33    i.MPU_IIC_Stop2     main.o
    0x080019c0   0x080019c0   0x00000048   Code   RO           34    i.MPU_IIC_Stop4     main.o
    0x08001a08   0x08001a08   0x00000064   Code   RO           35    i.MPU_IIC_Wait_Ack  main.o
    0x08001a6c   0x08001a6c   0x00000064   Code   RO           36    i.MPU_IIC_Wait_Ack2  main.o
    0x08001ad0   0x08001ad0   0x00000064   Code   RO           37    i.MPU_IIC_Wait_Ack4  main.o
    0x08001b34   0x08001b34   0x00000076   Code   RO           38    i.MPU_Init          main.o
    0x08001baa   0x08001baa   0x00000076   Code   RO           39    i.MPU_Init2         main.o
    0x08001c20   0x08001c20   0x00000076   Code   RO           40    i.MPU_Init4         main.o
    0x08001c96   0x08001c96   0x0000003a   Code   RO           41    i.MPU_Read_Byte     main.o
    0x08001cd0   0x08001cd0   0x0000003a   Code   RO           42    i.MPU_Read_Byte2    main.o
    0x08001d0a   0x08001d0a   0x0000003a   Code   RO           43    i.MPU_Read_Byte4    main.o
    0x08001d44   0x08001d44   0x00000074   Code   RO           44    i.MPU_Read_Len      main.o
    0x08001db8   0x08001db8   0x00000074   Code   RO           45    i.MPU_Read_Len2     main.o
    0x08001e2c   0x08001e2c   0x00000074   Code   RO           46    i.MPU_Read_Len4     main.o
    0x08001ea0   0x08001ea0   0x00000010   Code   RO           47    i.MPU_Set_Accel_Fsr  main.o
    0x08001eb0   0x08001eb0   0x00000010   Code   RO           48    i.MPU_Set_Accel_Fsr2  main.o
    0x08001ec0   0x08001ec0   0x00000010   Code   RO           49    i.MPU_Set_Accel_Fsr4  main.o
    0x08001ed0   0x08001ed0   0x00000010   Code   RO           50    i.MPU_Set_Gyro_Fsr  main.o
    0x08001ee0   0x08001ee0   0x00000010   Code   RO           51    i.MPU_Set_Gyro_Fsr2  main.o
    0x08001ef0   0x08001ef0   0x00000010   Code   RO           52    i.MPU_Set_Gyro_Fsr4  main.o
    0x08001f00   0x08001f00   0x0000003a   Code   RO           53    i.MPU_Set_LPF       main.o
    0x08001f3a   0x08001f3a   0x0000003a   Code   RO           54    i.MPU_Set_LPF2      main.o
    0x08001f74   0x08001f74   0x0000003a   Code   RO           55    i.MPU_Set_LPF4      main.o
    0x08001fae   0x08001fae   0x0000003a   Code   RO           56    i.MPU_Set_Rate      main.o
    0x08001fe8   0x08001fe8   0x0000003a   Code   RO           57    i.MPU_Set_Rate2     main.o
    0x08002022   0x08002022   0x0000003a   Code   RO           58    i.MPU_Set_Rate4     main.o
    0x0800205c   0x0800205c   0x00000044   Code   RO           59    i.MPU_Write_Byte    main.o
    0x080020a0   0x080020a0   0x00000044   Code   RO           60    i.MPU_Write_Byte2   main.o
    0x080020e4   0x080020e4   0x00000044   Code   RO           61    i.MPU_Write_Byte4   main.o
    0x08002128   0x08002128   0x00000004   Code   RO          534    i.MemManage_Handler  stm32f10x_it.o
    0x0800212c   0x0800212c   0x00000002   Code   RO          535    i.NMI_Handler       stm32f10x_it.o
    0x0800212e   0x0800212e   0x00000002   PAD
    0x08002130   0x08002130   0x00000070   Code   RO          767    i.NVIC_Init         misc.o
    0x080021a0   0x080021a0   0x00000014   Code   RO          768    i.NVIC_PriorityGroupConfig  misc.o
    0x080021b4   0x080021b4   0x00000002   Code   RO          536    i.PendSV_Handler    stm32f10x_it.o
    0x080021b6   0x080021b6   0x00000002   PAD
    0x080021b8   0x080021b8   0x00000020   Code   RO         1041    i.RCC_APB2PeriphClockCmd  stm32f10x_rcc.o
    0x080021d8   0x080021d8   0x000000d4   Code   RO         1049    i.RCC_GetClocksFreq  stm32f10x_rcc.o
    0x080022ac   0x080022ac   0x00000002   Code   RO          537    i.SVC_Handler       stm32f10x_it.o
    0x080022ae   0x080022ae   0x00000008   Code   RO          620    i.SetSysClock       system_stm32f10x.o
    0x080022b6   0x080022b6   0x00000002   PAD
    0x080022b8   0x080022b8   0x000000e0   Code   RO          621    i.SetSysClockTo72   system_stm32f10x.o
    0x08002398   0x08002398   0x00000028   Code   RO          771    i.SysTick_CLKSourceConfig  misc.o
    0x080023c0   0x080023c0   0x00000002   Code   RO          538    i.SysTick_Handler   stm32f10x_it.o
    0x080023c2   0x080023c2   0x00000002   PAD
    0x080023c4   0x080023c4   0x00000060   Code   RO          623    i.SystemInit        system_stm32f10x.o
    0x08002424   0x08002424   0x00000088   Code   RO          709    i.USART1_IRQHandler  usart.o
    0x080024ac   0x080024ac   0x00000018   Code   RO         1241    i.USART_Cmd         stm32f10x_usart.o
    0x080024c4   0x080024c4   0x0000001a   Code   RO         1244    i.USART_GetFlagStatus  stm32f10x_usart.o
    0x080024de   0x080024de   0x00000054   Code   RO         1245    i.USART_GetITStatus  stm32f10x_usart.o
    0x08002532   0x08002532   0x0000004a   Code   RO         1247    i.USART_ITConfig    stm32f10x_usart.o
    0x0800257c   0x0800257c   0x000000d8   Code   RO         1248    i.USART_Init        stm32f10x_usart.o
    0x08002654   0x08002654   0x0000000a   Code   RO         1255    i.USART_ReceiveData  stm32f10x_usart.o
    0x0800265e   0x0800265e   0x00000008   Code   RO         1258    i.USART_SendData    stm32f10x_usart.o
    0x08002666   0x08002666   0x00000004   Code   RO          539    i.UsageFault_Handler  stm32f10x_it.o
    0x0800266a   0x0800266a   0x00000028   Code   RO         2053    i.__ARM_fpclassify  m_ws.l(fpclassify.o)
    0x08002692   0x08002692   0x000000aa   Code   RO         2055    i.__kernel_poly     m_ws.l(poly.o)
    0x0800273c   0x0800273c   0x00000006   Code   RO         2009    i.__mathlib_dbl_infnan  m_ws.l(dunder.o)
    0x08002742   0x08002742   0x00000004   Code   RO         2010    i.__mathlib_dbl_infnan2  m_ws.l(dunder.o)
    0x08002746   0x08002746   0x00000002   PAD
    0x08002748   0x08002748   0x00000010   Code   RO         2014    i.__mathlib_dbl_underflow  m_ws.l(dunder.o)
    0x08002758   0x08002758   0x0000000e   Code   RO         2065    i.__scatterload_copy  mc_w.l(handlers.o)
    0x08002766   0x08002766   0x00000002   Code   RO         2066    i.__scatterload_null  mc_w.l(handlers.o)
    0x08002768   0x08002768   0x0000000e   Code   RO         2067    i.__scatterload_zeroinit  mc_w.l(handlers.o)
    0x08002776   0x08002776   0x00000002   PAD
    0x08002778   0x08002778   0x00000220   Code   RO         1999    i.atan              m_ws.l(atan.o)
    0x08002998   0x08002998   0x00000180   Code   RO         1966    i.atan2             m_ws.l(atan2.o)
    0x08002b18   0x08002b18   0x00000044   Code   RO          654    i.delay_init        delay.o
    0x08002b5c   0x08002b5c   0x0000004c   Code   RO          655    i.delay_ms          delay.o
    0x08002ba8   0x08002ba8   0x0000004c   Code   RO          656    i.delay_us          delay.o
    0x08002bf4   0x08002bf4   0x00000270   Code   RO           65    i.main              main.o
    0x08002e64   0x08002e64   0x000000a0   Code   RO          712    i.uart_init         usart.o
    0x08002f04   0x08002f04   0x00000020   Code   RO           66    i.usart1_send_char  main.o
    0x08002f24   0x08002f24   0x00000004   PAD
    0x08002f28   0x08002f28   0x00000098   Data   RO         2000    .constdata          m_ws.l(atan.o)
    0x08002fc0   0x08002fc0   0x00000008   Data   RO         2022    .constdata          m_ws.l(qnan.o)
    0x08002fc8   0x08002fc8   0x00000020   Data   RO         2063    Region$$Table       anon$$obj.o


    Execution Region RW_IRAM1 (Exec base: 0x20000000, Load base: 0x08002fe8, Size: 0x00000638, Max: 0x00010000, ABSOLUTE, COMPRESSED[0x00000030])

    Exec Addr    Load Addr    Size         Type   Attr      Idx    E Section Name        Object

    0x20000000   COMPRESSED   0x00000108   Data   RW           68    .data               main.o
    0x20000108   COMPRESSED   0x00000014   Data   RW          624    .data               system_stm32f10x.o
    0x2000011c   COMPRESSED   0x00000004   Data   RW          657    .data               delay.o
    0x20000120   COMPRESSED   0x00000006   Data   RW          714    .data               usart.o
    0x20000126   COMPRESSED   0x00000014   Data   RW         1069    .data               stm32f10x_rcc.o
    0x2000013a   COMPRESSED   0x00000002   PAD
    0x2000013c        -       0x00000030   Zero   RW           67    .bss                main.o
    0x2000016c        -       0x000000c8   Zero   RW          713    .bss                usart.o
    0x20000234   COMPRESSED   0x00000004   PAD
    0x20000238        -       0x00000400   Zero   RW          760    STACK               startup_stm32f10x_hd.o


==============================================================================

Image component sizes


      Code (inc. data)   RO Data    RW Data    ZI Data      Debug   Object Name

       220         26          0          4          0       1655   delay.o
      6598        556          0        264         48     269469   main.o
       172         22          0          0          0       1985   misc.o
        36          8        304          0       1024        780   startup_stm32f10x_hd.o
       282          0          0          0          0       2447   stm32f10x_gpio.o
        26          0          0          0          0       3550   stm32f10x_it.o
       244         26          0         20          0       3797   stm32f10x_rcc.o
       442          6          0          0          0       6041   stm32f10x_usart.o
         0          0          0          0          0         32   sys.o
       328         28          0         20          0       1997   system_stm32f10x.o
       296         22          0          6        200       3076   usart.o

    ----------------------------------------------------------------------
      8658        698        336        316       1276     294829   Object Totals
         0          0         32          0          0          0   (incl. Generated)
        14          4          0          2          4          0   (incl. Padding)

    ----------------------------------------------------------------------

      Code (inc. data)   RO Data    RW Data    ZI Data      Debug   Library Member Name

       544         70        152          0          0        124   atan.o
       384         38          0          0          0        144   atan2.o
        26          6          0          0          0        204   dunder.o
        40          0          0          0          0         68   fpclassify.o
       170          0          0          0          0         96   poly.o
         0          0          8          0          0          0   qnan.o
        86          0          0          0          0          0   __dczerorl2.o
         0          0          0          0          0          0   entry.o
         0          0          0          0          0          0   entry10a.o
         0          0          0          0          0          0   entry11a.o
         8          4          0          0          0          0   entry2.o
         4          0          0          0          0          0   entry5.o
         0          0          0          0          0          0   entry7b.o
         0          0          0          0          0          0   entry8b.o
         8          4          0          0          0          0   entry9a.o
        30          0          0          0          0          0   handlers.o
        36          8          0          0          0         68   init.o
         0          0          0          0          0          0   iusefp.o
        30          0          0          0          0         68   llshl.o
        36          0          0          0          0         68   llsshr.o
        32          0          0          0          0         68   llushr.o
        56          0          0          0          0         88   d2f.o
       334          0          0          0          0        148   dadd.o
       222          0          0          0          0        100   ddiv.o
       186          0          0          0          0        176   depilogue.o
        34          0          0          0          0         76   dflti.o
       228          0          0          0          0         96   dmul.o
        46          0          0          0          0         80   dscalb.o
        38          0          0          0          0         68   f2d.o
       176          0          0          0          0        140   fadd.o
       124          0          0          0          0         88   fdiv.o
       110          0          0          0          0        168   fepilogue.o
        18          0          0          0          0         68   fflti.o
       100          0          0          0          0         76   fmul.o

    ----------------------------------------------------------------------
      3110        130        160          0          0       2280   Library Totals
         4          0          0          0          0          0   (incl. Padding)

    ----------------------------------------------------------------------

      Code (inc. data)   RO Data    RW Data    ZI Data      Debug   Library Name

      1164        114        160          0          0        636   m_ws.l
       270         16          0          0          0        272   mc_w.l
      1672          0          0          0          0       1372   mf_w.l

    ----------------------------------------------------------------------
      3110        130        160          0          0       2280   Library Totals

    ----------------------------------------------------------------------

==============================================================================


      Code (inc. data)   RO Data    RW Data    ZI Data      Debug   

     11768        828        496        316       1276     291673   Grand Totals
     11768        828        496         48       1276     291673   ELF Image Totals (compressed)
     11768        828        496         48          0          0   ROM Totals

==============================================================================

    Total RO  Size (Code + RO Data)                12264 (  11.98kB)
    Total RW  Size (RW Data + ZI Data)              1592 (   1.55kB)
    Total ROM Size (Code + RO Data + RW Data)      12312 (  12.02kB)

==============================================================================

